Component: ARM Compiler 5.06 update 6 (build 750) Tool: armlink [4d35ed]

==============================================================================

Section Cross References

    startup_stm32f407xx.o(STACK) refers (Special) to heapauxi.o(.text) for __use_two_region_memory
    startup_stm32f407xx.o(HEAP) refers (Special) to heapauxi.o(.text) for __use_two_region_memory
    startup_stm32f407xx.o(RESET) refers (Special) to heapauxi.o(.text) for __use_two_region_memory
    startup_stm32f407xx.o(RESET) refers to startup_stm32f407xx.o(STACK) for __initial_sp
    startup_stm32f407xx.o(RESET) refers to startup_stm32f407xx.o(.text) for Reset_Handler
    startup_stm32f407xx.o(RESET) refers to stm32f4xx_it.o(i.NMI_Handler) for NMI_Handler
    startup_stm32f407xx.o(RESET) refers to stm32f4xx_it.o(i.HardFault_Handler) for HardFault_Handler
    startup_stm32f407xx.o(RESET) refers to stm32f4xx_it.o(i.MemManage_Handler) for MemManage_Handler
    startup_stm32f407xx.o(RESET) refers to stm32f4xx_it.o(i.BusFault_Handler) for BusFault_Handler
    startup_stm32f407xx.o(RESET) refers to stm32f4xx_it.o(i.UsageFault_Handler) for UsageFault_Handler
    startup_stm32f407xx.o(RESET) refers to port.o(.emb_text) for SVC_Handler
    startup_stm32f407xx.o(RESET) refers to stm32f4xx_it.o(i.DebugMon_Handler) for DebugMon_Handler
    startup_stm32f407xx.o(RESET) refers to port.o(i.SysTick_Handler) for SysTick_Handler
    startup_stm32f407xx.o(RESET) refers to stm32f4xx_it.o(i.EXTI0_IRQHandler) for EXTI0_IRQHandler
    startup_stm32f407xx.o(RESET) refers to stm32f4xx_it.o(i.EXTI3_IRQHandler) for EXTI3_IRQHandler
    startup_stm32f407xx.o(RESET) refers to stm32f4xx_it.o(i.EXTI4_IRQHandler) for EXTI4_IRQHandler
    startup_stm32f407xx.o(RESET) refers to stm32f4xx_it.o(i.DMA1_Stream1_IRQHandler) for DMA1_Stream1_IRQHandler
    startup_stm32f407xx.o(RESET) refers to stm32f4xx_it.o(i.CAN1_RX0_IRQHandler) for CAN1_RX0_IRQHandler
    startup_stm32f407xx.o(RESET) refers to stm32f4xx_it.o(i.EXTI9_5_IRQHandler) for EXTI9_5_IRQHandler
    startup_stm32f407xx.o(RESET) refers to judge_task.o(i.USART1_IRQHandler) for USART1_IRQHandler
    startup_stm32f407xx.o(RESET) refers to remote_control.o(i.USART3_IRQHandler) for USART3_IRQHandler
    startup_stm32f407xx.o(RESET) refers to stm32f4xx_it.o(i.TIM7_IRQHandler) for TIM7_IRQHandler
    startup_stm32f407xx.o(RESET) refers to stm32f4xx_it.o(i.DMA2_Stream1_IRQHandler) for DMA2_Stream1_IRQHandler
    startup_stm32f407xx.o(RESET) refers to ins_task.o(i.DMA2_Stream2_IRQHandler) for DMA2_Stream2_IRQHandler
    startup_stm32f407xx.o(RESET) refers to stm32f4xx_it.o(i.DMA2_Stream3_IRQHandler) for DMA2_Stream3_IRQHandler
    startup_stm32f407xx.o(RESET) refers to stm32f4xx_it.o(i.CAN2_RX0_IRQHandler) for CAN2_RX0_IRQHandler
    startup_stm32f407xx.o(RESET) refers to stm32f4xx_it.o(i.OTG_FS_IRQHandler) for OTG_FS_IRQHandler
    startup_stm32f407xx.o(RESET) refers to stm32f4xx_it.o(i.DMA2_Stream5_IRQHandler) for DMA2_Stream5_IRQHandler
    startup_stm32f407xx.o(RESET) refers to stm32f4xx_it.o(i.DMA2_Stream7_IRQHandler) for DMA2_Stream7_IRQHandler
    startup_stm32f407xx.o(RESET) refers to remote_control.o(i.USART6_IRQHandler) for USART6_IRQHandler
    startup_stm32f407xx.o(.text) refers (Special) to heapauxi.o(.text) for __use_two_region_memory
    startup_stm32f407xx.o(.text) refers to system_stm32f4xx.o(i.SystemInit) for SystemInit
    startup_stm32f407xx.o(.text) refers to __main.o(!!!main) for __main
    startup_stm32f407xx.o(.text) refers to startup_stm32f407xx.o(HEAP) for Heap_Mem
    startup_stm32f407xx.o(.text) refers to startup_stm32f407xx.o(STACK) for Stack_Mem
    main.o(i.HAL_TIM_PeriodElapsedCallback) refers to stm32f4xx_hal.o(i.HAL_IncTick) for HAL_IncTick
    main.o(i.SystemClock_Config) refers to rt_memclr_w.o(.text) for __aeabi_memclr4
    main.o(i.SystemClock_Config) refers to stm32f4xx_hal_rcc.o(i.HAL_RCC_OscConfig) for HAL_RCC_OscConfig
    main.o(i.SystemClock_Config) refers to main.o(i.Error_Handler) for Error_Handler
    main.o(i.SystemClock_Config) refers to stm32f4xx_hal_rcc.o(i.HAL_RCC_ClockConfig) for HAL_RCC_ClockConfig
    main.o(i.main) refers to stm32f4xx_hal.o(i.HAL_Init) for HAL_Init
    main.o(i.main) refers to main.o(i.SystemClock_Config) for SystemClock_Config
    main.o(i.main) refers to gpio.o(i.MX_GPIO_Init) for MX_GPIO_Init
    main.o(i.main) refers to tim.o(i.MX_TIM1_Init) for MX_TIM1_Init
    main.o(i.main) refers to dma.o(i.MX_DMA_Init) for MX_DMA_Init
    main.o(i.main) refers to usart.o(i.MX_USART3_UART_Init) for MX_USART3_UART_Init
    main.o(i.main) refers to tim.o(i.MX_TIM5_Init) for MX_TIM5_Init
    main.o(i.main) refers to spi.o(i.MX_SPI1_Init) for MX_SPI1_Init
    main.o(i.main) refers to can.o(i.MX_CAN1_Init) for MX_CAN1_Init
    main.o(i.main) refers to can.o(i.MX_CAN2_Init) for MX_CAN2_Init
    main.o(i.main) refers to tim.o(i.MX_TIM10_Init) for MX_TIM10_Init
    main.o(i.main) refers to i2c.o(i.MX_I2C3_Init) for MX_I2C3_Init
[...]
    0x08003166   0x08003166   0x00000002   Code   RO         7700    i.HAL_CAN_WakeUpFromRxMsgCallback  stm32f4xx_hal_can.o
    0x08003168   0x08003168   0x000001ec   Code   RO         6727    i.HAL_DMA_IRQHandler  stm32f4xx_hal_dma.o
    0x08003354   0x08003354   0x000000ec   Code   RO         6728    i.HAL_DMA_Init      stm32f4xx_hal_dma.o
    0x08003440   0x08003440   0x00000070   Code   RO         6732    i.HAL_DMA_Start_IT  stm32f4xx_hal_dma.o
    0x080034b0   0x080034b0   0x00000028   Code   RO         7136    i.HAL_Delay         stm32f4xx_hal.o
    0x080034d8   0x080034d8   0x000000ac   Code   RO         6501    i.HAL_FLASHEx_Erase  stm32f4xx_hal_flash_ex.o
    0x08003584   0x08003584   0x00000014   Code   RO         6380    i.HAL_FLASH_Lock    stm32f4xx_hal_flash.o
    0x08003598   0x08003598   0x00000080   Code   RO         6385    i.HAL_FLASH_Program  stm32f4xx_hal_flash.o
    0x08003618   0x08003618   0x00000034   Code   RO         6387    i.HAL_FLASH_Unlock  stm32f4xx_hal_flash.o
    0x0800364c   0x0800364c   0x000000a8   Code   RO         3817    i.HAL_GPIO_EXTI_Callback  ins_task.o
    0x080036f4   0x080036f4   0x00000018   Code   RO         6614    i.HAL_GPIO_EXTI_IRQHandler  stm32f4xx_hal_gpio.o
    0x0800370c   0x0800370c   0x0000022c   Code   RO         6615    i.HAL_GPIO_Init     stm32f4xx_hal_gpio.o
    0x08003938   0x08003938   0x0000000e   Code   RO         6619    i.HAL_GPIO_WritePin  stm32f4xx_hal_gpio.o
    0x08003946   0x08003946   0x00000002   PAD
    0x08003948   0x08003948   0x0000000c   Code   RO         7142    i.HAL_GetTick       stm32f4xx_hal.o
    0x08003954   0x08003954   0x000001ac   Code   RO         7910    i.HAL_I2C_Init      stm32f4xx_hal_i2c.o
    0x08003b00   0x08003b00   0x000002a8   Code   RO         7916    i.HAL_I2C_Master_Receive  stm32f4xx_hal_i2c.o
    0x08003da8   0x08003da8   0x00000160   Code   RO         7923    i.HAL_I2C_Master_Transmit  stm32f4xx_hal_i2c.o
    0x08003f08   0x08003f08   0x000002c0   Code   RO         7928    i.HAL_I2C_Mem_Read  stm32f4xx_hal_i2c.o
    0x080041c8   0x080041c8   0x00000174   Code   RO         7931    i.HAL_I2C_Mem_Write  stm32f4xx_hal_i2c.o
    0x0800433c   0x0800433c   0x00000138   Code   RO          588    i.HAL_I2C_MspInit   i2c.o
    0x08004474   0x08004474   0x00000010   Code   RO         7148    i.HAL_IncTick       stm32f4xx_hal.o
    0x08004484   0x08004484   0x00000034   Code   RO         7149    i.HAL_Init          stm32f4xx_hal.o
    0x080044b8   0x080044b8   0x0000008c   Code   RO         1011    i.HAL_InitTick      stm32f4xx_hal_timebase_tim.o
    0x08004544   0x08004544   0x00000054   Code   RO          987    i.HAL_MspInit       stm32f4xx_hal_msp.o
    0x08004598   0x08004598   0x0000001c   Code   RO         7004    i.HAL_NVIC_EnableIRQ  stm32f4xx_hal_cortex.o
    0x080045b4   0x080045b4   0x00000068   Code   RO         7010    i.HAL_NVIC_SetPriority  stm32f4xx_hal_cortex.o
    0x0800461c   0x0800461c   0x00000024   Code   RO         7011    i.HAL_NVIC_SetPriorityGrouping  stm32f4xx_hal_cortex.o
    0x08004640   0x08004640   0x00000024   Code   RO         7012    i.HAL_NVIC_SystemReset  stm32f4xx_hal_cortex.o
    0x08004664   0x08004664   0x00000002   Code   RO         5863    i.HAL_PCDEx_LPM_Callback  stm32f4xx_hal_pcd_ex.o
    0x08004666   0x08004666   0x00000008   Code   RO         5864    i.HAL_PCDEx_SetRxFiFo  stm32f4xx_hal_pcd_ex.o
    0x0800466e   0x0800466e   0x0000004a   Code   RO         5865    i.HAL_PCDEx_SetTxFiFo  stm32f4xx_hal_pcd_ex.o
    0x080046b8   0x080046b8   0x00000008   Code   RO         1250    i.HAL_PCD_ConnectCallback  usbd_conf.o
    0x080046c0   0x080046c0   0x00000012   Code   RO         1251    i.HAL_PCD_DataInStageCallback  usbd_conf.o
    0x080046d2   0x080046d2   0x00000014   Code   RO         1252    i.HAL_PCD_DataOutStageCallback  usbd_conf.o
    0x080046e6   0x080046e6   0x00000008   Code   RO         1253    i.HAL_PCD_DisconnectCallback  usbd_conf.o
    0x080046ee   0x080046ee   0x00000020   Code   RO         5628    i.HAL_PCD_EP_Abort  stm32f4xx_hal_pcd.o
    0x0800470e   0x0800470e   0x0000004a   Code   RO         5629    i.HAL_PCD_EP_Close  stm32f4xx_hal_pcd.o
    0x08004758   0x08004758   0x0000005c   Code   RO         5630    i.HAL_PCD_EP_ClrStall  stm32f4xx_hal_pcd.o
    0x080047b4   0x080047b4   0x00000012   Code   RO         5632    i.HAL_PCD_EP_GetRxCount  stm32f4xx_hal_pcd.o
    0x080047c6   0x080047c6   0x0000005c   Code   RO         5633    i.HAL_PCD_EP_Open   stm32f4xx_hal_pcd.o
    0x08004822   0x08004822   0x00000046   Code   RO         5634    i.HAL_PCD_EP_Receive  stm32f4xx_hal_pcd.o
    0x08004868   0x08004868   0x00000074   Code   RO         5635    i.HAL_PCD_EP_SetStall  stm32f4xx_hal_pcd.o
    0x080048dc   0x080048dc   0x00000046   Code   RO         5636    i.HAL_PCD_EP_Transmit  stm32f4xx_hal_pcd.o
    0x08004922   0x08004922   0x00000564   Code   RO         5638    i.HAL_PCD_IRQHandler  stm32f4xx_hal_pcd.o
    0x08004e86   0x08004e86   0x00000008   Code   RO         1254    i.HAL_PCD_ISOINIncompleteCallback  usbd_conf.o
    0x08004e8e   0x08004e8e   0x00000008   Code   RO         1255    i.HAL_PCD_ISOOUTIncompleteCallback  usbd_conf.o
    0x08004e96   0x08004e96   0x00000140   Code   RO         5641    i.HAL_PCD_Init      stm32f4xx_hal_pcd.o
    0x08004fd6   0x08004fd6   0x00000002   PAD
    0x08004fd8   0x08004fd8   0x00000084   Code   RO         1257    i.HAL_PCD_MspInit   usbd_conf.o
    0x0800505c   0x0800505c   0x0000002e   Code   RO         1258    i.HAL_PCD_ResetCallback  usbd_conf.o
    0x0800508a   0x0800508a   0x00000008   Code   RO         1259    i.HAL_PCD_ResumeCallback  usbd_conf.o
    0x08005092   0x08005092   0x00000008   Code   RO         1260    i.HAL_PCD_SOFCallback  usbd_conf.o
    0x0800509a   0x0800509a   0x00000028   Code   RO         5647    i.HAL_PCD_SetAddress  stm32f4xx_hal_pcd.o
    0x080050c2   0x080050c2   0x0000000e   Code   RO         1261    i.HAL_PCD_SetupStageCallback  usbd_conf.o
    0x080050d0   0x080050d0   0x00000042   Code   RO         5650    i.HAL_PCD_Start     stm32f4xx_hal_pcd.o
    0x08005112   0x08005112   0x00000002   PAD
    0x08005114   0x08005114   0x00000030   Code   RO         1262    i.HAL_PCD_SuspendCallback  usbd_conf.o
    0x08005144   0x08005144   0x0000017c   Code   RO         6321    i.HAL_RCCEx_PeriphCLKConfig  stm32f4xx_hal_rcc_ex.o
    0x080052c0   0x080052c0   0x0000017c   Code   RO         6216    i.HAL_RCC_ClockConfig  stm32f4xx_hal_rcc.o
    0x0800543c   0x0800543c   0x0000003c   Code   RO         6220    i.HAL_RCC_GetClockConfig  stm32f4xx_hal_rcc.o
    0x08005478   0x08005478   0x0000000c   Code   RO         6221    i.HAL_RCC_GetHCLKFreq  stm32f4xx_hal_rcc.o
    0x08005484   0x08005484   0x00000020   Code   RO         6223    i.HAL_RCC_GetPCLK1Freq  stm32f4xx_hal_rcc.o
    0x080054a4   0x080054a4   0x00000020   Code   RO         6224    i.HAL_RCC_GetPCLK2Freq  stm32f4xx_hal_rcc.o
    0x080054c4   0x080054c4   0x00000070   Code   RO         6225    i.HAL_RCC_GetSysClockFreq  stm32f4xx_hal_rcc.o
    0x08005534   0x08005534   0x00000482   Code   RO         6228    i.HAL_RCC_OscConfig  stm32f4xx_hal_rcc.o
    0x080059b6   0x080059b6   0x00000094   Code   RO         8402    i.HAL_RTC_Init      stm32f4xx_hal_rtc.o
    0x08005a4a   0x08005a4a   0x00000002   PAD
    0x08005a4c   0x08005a4c   0x0000003c   Code   RO          636    i.HAL_RTC_MspInit   rtc.o
    0x08005a88   0x08005a88   0x0000003c   Code   RO         8410    i.HAL_RTC_WaitForSynchro  stm32f4xx_hal_rtc.o
    0x08005ac4   0x08005ac4   0x000000be   Code   RO         8802    i.HAL_SPI_Init      stm32f4xx_hal_spi.o
    0x08005b82   0x08005b82   0x00000002   PAD
    0x08005b84   0x08005b84   0x000001cc   Code   RO          678    i.HAL_SPI_MspInit   spi.o
    0x08005d50   0x08005d50   0x000001f8   Code   RO         8811    i.HAL_SPI_TransmitReceive  stm32f4xx_hal_spi.o
    0x08005f48   0x08005f48   0x00000002   Code   RO         9830    i.HAL_TIMEx_BreakCallback  stm32f4xx_hal_tim_ex.o
    0x08005f4a   0x08005f4a   0x00000002   Code   RO         9831    i.HAL_TIMEx_CommutCallback  stm32f4xx_hal_tim_ex.o
    0x08005f4c   0x08005f4c   0x00000066   Code   RO         9833    i.HAL_TIMEx_ConfigBreakDeadTime  stm32f4xx_hal_tim_ex.o
    0x08005fb2   0x08005fb2   0x0000009a   Code   RO         9849    i.HAL_TIMEx_MasterConfigSynchronization  stm32f4xx_hal_tim_ex.o
    0x0800604c   0x0800604c   0x0000005c   Code   RO         9115    i.HAL_TIM_Base_Init  stm32f4xx_hal_tim.o
    0x080060a8   0x080060a8   0x000000ec   Code   RO          726    i.HAL_TIM_Base_MspInit  tim.o
    0x08006194   0x08006194   0x00000080   Code   RO         9118    i.HAL_TIM_Base_Start  stm32f4xx_hal_tim.o
    0x08006214   0x08006214   0x0000008a   Code   RO         9120    i.HAL_TIM_Base_Start_IT  stm32f4xx_hal_tim.o
    0x0800629e   0x0800629e   0x000000ea   Code   RO         9124    i.HAL_TIM_ConfigClockSource  stm32f4xx_hal_tim.o
    0x08006388   0x08006388   0x00000002   Code   RO         9149    i.HAL_TIM_IC_CaptureCallback  stm32f4xx_hal_tim.o
    0x0800638a   0x0800638a   0x00000174   Code   RO         9163    i.HAL_TIM_IRQHandler  stm32f4xx_hal_tim.o
    0x080064fe   0x080064fe   0x00000002   PAD
    0x08006500   0x08006500   0x000001c8   Code   RO          727    i.HAL_TIM_MspPostInit  tim.o
    0x080066c8   0x080066c8   0x00000002   Code   RO         9166    i.HAL_TIM_OC_DelayElapsedCallback  stm32f4xx_hal_tim.o
    0x080066ca   0x080066ca   0x000000d8   Code   RO         9187    i.HAL_TIM_PWM_ConfigChannel  stm32f4xx_hal_tim.o
    0x080067a2   0x080067a2   0x0000005c   Code   RO         9190    i.HAL_TIM_PWM_Init  stm32f4xx_hal_tim.o
    0x080067fe   0x080067fe   0x00000002   Code   RO         9192    i.HAL_TIM_PWM_MspInit  stm32f4xx_hal_tim.o
    0x08006800   0x08006800   0x00000002   Code   RO         9193    i.HAL_TIM_PWM_PulseFinishedCallback  stm32f4xx_hal_tim.o
    0x08006802   0x08006802   0x00000002   PAD
    0x08006804   0x08006804   0x000000dc   Code   RO         9195    i.HAL_TIM_PWM_Start  stm32f4xx_hal_tim.o
    0x080068e0   0x080068e0   0x00000018   Code   RO           15    i.HAL_TIM_PeriodElapsedCallback  main.o
    0x080068f8   0x080068f8   0x00000002   Code   RO         9206    i.HAL_TIM_TriggerCallback  stm32f4xx_hal_tim.o
    0x080068fa   0x080068fa   0x00000002   Code   RO        10108    i.HAL_UARTEx_RxEventCallback  stm32f4xx_hal_uart.o
    0x080068fc   0x080068fc   0x00000002   Code   RO        10122    i.HAL_UART_ErrorCallback  stm32f4xx_hal_uart.o
    0x080068fe   0x080068fe   0x00000064   Code   RO        10126    i.HAL_UART_Init     stm32f4xx_hal_uart.o
    0x08006962   0x08006962   0x00000002   PAD
    0x08006964   0x08006964   0x000002fc   Code   RO          798    i.HAL_UART_MspInit  usart.o
    0x08006c60   0x08006c60   0x0000002e   Code   RO        10130    i.HAL_UART_Receive_DMA  stm32f4xx_hal_uart.o
    0x08006c8e   0x08006c8e   0x00000002   Code   RO        10132    i.HAL_UART_RxCpltCallback  stm32f4xx_hal_uart.o
    0x08006c90   0x08006c90   0x00000002   Code   RO        10133    i.HAL_UART_RxHalfCpltCallback  stm32f4xx_hal_uart.o
    0x08006c92   0x08006c92   0x000000ca   Code   RO        10134    i.HAL_UART_Transmit  stm32f4xx_hal_uart.o
    0x08006d5c   0x08006d5c   0x00000004   Code   RO          864    i.HardFault_Handler  stm32f4xx_it.o
    0x08006d60   0x08006d60   0x00000032   Code   RO         7953    i.I2C_IsAcknowledgeFailed  stm32f4xx_hal_i2c.o
    0x08006d92   0x08006d92   0x00000002   PAD
    0x08006d94   0x08006d94   0x00000124   Code   RO         7956    i.I2C_MasterRequestRead  stm32f4xx_hal_i2c.o
    0x08006eb8   0x08006eb8   0x000000b4   Code   RO         7957    i.I2C_MasterRequestWrite  stm32f4xx_hal_i2c.o
    0x08006f6c   0x08006f6c   0x00000154   Code   RO         7964    i.I2C_RequestMemoryRead  stm32f4xx_hal_i2c.o
    0x080070c0   0x080070c0   0x000000d0   Code   RO         7965    i.I2C_RequestMemoryWrite  stm32f4xx_hal_i2c.o
    0x08007190   0x08007190   0x0000005c   Code   RO         7973    i.I2C_WaitOnBTFFlagUntilTimeout  stm32f4xx_hal_i2c.o
    0x080071ec   0x080071ec   0x000000b4   Code   RO         7974    i.I2C_WaitOnFlagUntilTimeout  stm32f4xx_hal_i2c.o
    0x080072a0   0x080072a0   0x000000ce   Code   RO         7975    i.I2C_WaitOnMasterAddressFlagUntilTimeout  stm32f4xx_hal_i2c.o
    0x0800736e   0x0800736e   0x0000007c   Code   RO         7976    i.I2C_WaitOnRXNEFlagUntilTimeout  stm32f4xx_hal_i2c.o
    0x080073ea   0x080073ea   0x0000005c   Code   RO         7979    i.I2C_WaitOnTXEFlagUntilTimeout  stm32f4xx_hal_i2c.o
    0x08007446   0x08007446   0x00000020   Code   RO         3143    i.INA226_getBusV    ina226.o
    0x08007466   0x08007466   0x00000002   PAD
    0x08007468   0x08007468   0x00000044   Code   RO         3144    i.INA226_getBusVReg  ina226.o
    0x080074ac   0x080074ac   0x00000020   Code   RO         3147    i.INA226_getCurrent  ina226.o
    0x080074cc   0x080074cc   0x00000044   Code   RO         3148    i.INA226_getCurrentReg  ina226.o
    0x08007510   0x08007510   0x00000020   Code   RO         3152    i.INA226_getPower   ina226.o
    0x08007530   0x08007530   0x00000044   Code   RO         3153    i.INA226_getPowerReg  ina226.o
    0x08007574   0x08007574   0x0000007c   Code   RO         3818    i.INS_cali_gyro     ins_task.o
    0x080075f0   0x080075f0   0x00000048   Code   RO         3819    i.INS_set_cali_gyro  ins_task.o
    0x08007638   0x08007638   0x00000304   Code   RO         3820    i.INS_task          ins_task.o
    0x0800793c   0x0800793c   0x0000003e   Code   RO         1099    i.IntToUnicode      usbd_desc.o
    0x0800797a   0x0800797a   0x00000002   PAD
    0x0800797c   0x0800797c   0x00000060   Code   RO         2426    i.JUDGE_ShootNumCount_17mm  judge.o
    0x080079dc   0x080079dc   0x00000010   Code   RO         2430    i.JUDGE_fGetChassisPower  judge.o
    0x080079ec   0x080079ec   0x0000000c   Code   RO         2432    i.JUDGE_fGetRemainEnergy  judge.o
    0x080079f8   0x080079f8   0x0000000c   Code   RO         2436    i.JUDGE_usGetChassisPowerLimit  judge.o
    0x08007a04   0x08007a04   0x0000000c   Code   RO         2437    i.JUDGE_usGetHeatLimit_id1_17mm  judge.o
    0x08007a10   0x08007a10   0x0000000c   Code   RO         2443    i.JUDGE_usGetRadar_Robo_remain_17mm  judge.o
    0x08007a1c   0x08007a1c   0x0000000c   Code   RO         2447    i.JUDGE_usGetRemoteHeat_id1_17mm  judge.o
    0x08007a28   0x08007a28   0x00000010   Code   RO         2455    i.JUDGE_usGetSpeedHeat  judge.o
    0x08007a38   0x08007a38   0x0000039c   Code   RO         2463    i.Judge_Read_Data   judge.o
    0x08007dd4   0x08007dd4   0x00000020   Code   RO         4856    i.Judge_Task        judge_task.o
    0x08007df4   0x08007df4   0x00000010   Code   RO         2464    i.Judge_armor_id    judge.o
    0x08007e04   0x08007e04   0x00000066   Code   RO         5104    i.LPF               ladrc_feedforward.o
    0x08007e6a   0x08007e6a   0x00000002   PAD
    0x08007e6c   0x08007e6c   0x00000070   Code   RO          468    i.MX_ADC1_Init      adc.o
    0x08007edc   0x08007edc   0x00000070   Code   RO          469    i.MX_ADC3_Init      adc.o
    0x08007f4c   0x08007f4c   0x00000044   Code   RO          516    i.MX_CAN1_Init      can.o
    0x08007f90   0x08007f90   0x00000044   Code   RO          517    i.MX_CAN2_Init      can.o
    0x08007fd4   0x08007fd4   0x000000a8   Code   RO          563    i.MX_DMA_Init       dma.o
    0x0800807c   0x0800807c   0x0000015c   Code   RO          401    i.MX_FREERTOS_Init  freertos.o
    0x080081d8   0x080081d8   0x00000208   Code   RO          377    i.MX_GPIO_Init      gpio.o
    0x080083e0   0x080083e0   0x0000003c   Code   RO          589    i.MX_I2C2_Init      i2c.o
    0x0800841c   0x0800841c   0x0000003c   Code   RO          590    i.MX_I2C3_Init      i2c.o
    0x08008458   0x08008458   0x00000034   Code   RO          637    i.MX_RTC_Init       rtc.o
    0x0800848c   0x0800848c   0x00000048   Code   RO          679    i.MX_SPI1_Init      spi.o
    0x080084d4   0x080084d4   0x00000040   Code   RO          680    i.MX_SPI2_Init      spi.o
    0x08008514   0x08008514   0x0000006c   Code   RO          728    i.MX_TIM10_Init     tim.o
    0x08008580   0x08008580   0x0000010c   Code   RO          729    i.MX_TIM1_Init      tim.o
    0x0800868c   0x0800868c   0x0000006c   Code   RO          730    i.MX_TIM2_Init      tim.o
    0x080086f8   0x080086f8   0x000000a4   Code   RO          731    i.MX_TIM4_Init      tim.o
    0x0800879c   0x0800879c   0x000000c4   Code   RO          732    i.MX_TIM5_Init      tim.o
    0x08008860   0x08008860   0x00000038   Code   RO          799    i.MX_USART1_UART_Init  usart.o
    0x08008898   0x08008898   0x00000040   Code   RO          800    i.MX_USART3_UART_Init  usart.o
    0x080088d8   0x080088d8   0x00000038   Code   RO          801    i.MX_USART6_UART_Init  usart.o
    0x08008910   0x08008910   0x00000054   Code   RO         1050    i.MX_USB_DEVICE_Init  usb_device.o
    0x08008964   0x08008964   0x00000004   Code   RO          865    i.MemManage_Handler  stm32f4xx_it.o
    0x08008968   0x08008968   0x00000004   Code   RO          866    i.NMI_Handler       stm32f4xx_it.o
    0x0800896c   0x0800896c   0x00000010   Code   RO          867    i.OTG_FS_IRQHandler  stm32f4xx_it.o
    0x0800897c   0x0800897c   0x00000048   Code   RO         5654    i.PCD_EP_OutSetupPacket_int  stm32f4xx_hal_pcd.o
    0x080089c4   0x080089c4   0x000000e8   Code   RO         5655    i.PCD_EP_OutXfrComplete_int  stm32f4xx_hal_pcd.o
    0x08008aac   0x08008aac   0x000000a2   Code   RO         5656    i.PCD_WriteEmptyTxFifo  stm32f4xx_hal_pcd.o
    0x08008b4e   0x08008b4e   0x00000002   PAD
    0x08008b50   0x08008b50   0x0000009c   Code   RO         3707    i.RC_Init           bsp_rc.o
    0x08008bec   0x08008bec   0x00000050   Code   RO         3708    i.RC_restart        bsp_rc.o
    0x08008c3c   0x08008c3c   0x00000018   Code   RO         3709    i.RC_unable         bsp_rc.o
    0x08008c54   0x08008c54   0x00000048   Code   RO         8413    i.RTC_EnterInitMode  stm32f4xx_hal_rtc.o
    0x08008c9c   0x08008c9c   0x0000002c   Code   RO         8414    i.RTC_ExitInitMode  stm32f4xx_hal_rtc.o
    0x08008cc8   0x08008cc8   0x00000064   Code   RO         8840    i.SPI_EndRxTxTransaction  stm32f4xx_hal_spi.o
    0x08008d2c   0x08008d2c   0x000000d8   Code   RO         8845    i.SPI_WaitFlagStateUntilTimeout  stm32f4xx_hal_spi.o
    0x08008e04   0x08008e04   0x0000000e   Code   RO          402    i.StartDefaultTask  freertos.o
    0x08008e12   0x08008e12   0x00000002   PAD
    0x08008e14   0x08008e14   0x0000002c   Code   RO        11758    i.SysTick_Handler   port.o
    0x08008e40   0x08008e40   0x000000b8   Code   RO           16    i.SystemClock_Config  main.o
    0x08008ef8   0x08008ef8   0x00000010   Code   RO        10465    i.SystemInit        system_stm32f4xx.o
    0x08008f08   0x08008f08   0x00000010   Code   RO          868    i.TIM7_IRQHandler   stm32f4xx_it.o
    0x08008f18   0x08008f18   0x000000cc   Code   RO         9208    i.TIM_Base_SetConfig  stm32f4xx_hal_tim.o
    0x08008fe4   0x08008fe4   0x0000001e   Code   RO         9209    i.TIM_CCxChannelCmd  stm32f4xx_hal_tim.o
    0x08009002   0x08009002   0x00000016   Code   RO         9219    i.TIM_ETR_SetConfig  stm32f4xx_hal_tim.o
    0x08009018   0x08009018   0x00000010   Code   RO         9220    i.TIM_ITRx_SetConfig  stm32f4xx_hal_tim.o
    0x08009028   0x08009028   0x00000070   Code   RO         9221    i.TIM_OC1_SetConfig  stm32f4xx_hal_tim.o
    0x08009098   0x08009098   0x00000078   Code   RO         9222    i.TIM_OC2_SetConfig  stm32f4xx_hal_tim.o
    0x08009110   0x08009110   0x00000078   Code   RO         9223    i.TIM_OC3_SetConfig  stm32f4xx_hal_tim.o
    0x08009188   0x08009188   0x00000058   Code   RO         9224    i.TIM_OC4_SetConfig  stm32f4xx_hal_tim.o
    0x080091e0   0x080091e0   0x00000026   Code   RO         9226    i.TIM_TI1_ConfigInputStage  stm32f4xx_hal_tim.o
    0x08009206   0x08009206   0x00000024   Code   RO         9228    i.TIM_TI2_ConfigInputStage  stm32f4xx_hal_tim.o
    0x0800922a   0x0800922a   0x00000002   PAD
    0x0800922c   0x0800922c   0x00000018   Code   RO         2247    i.Transfer_Image_Mode_Set  remote_control.o
    0x08009244   0x08009244   0x000000f4   Code   RO         3710    i.Transfer_Image_USART6_Init  bsp_rc.o
    0x08009338   0x08009338   0x0000004a   Code   RO        10140    i.UART_DMAError     stm32f4xx_hal_uart.o
    0x08009382   0x08009382   0x00000084   Code   RO        10141    i.UART_DMAReceiveCplt  stm32f4xx_hal_uart.o
    0x08009406   0x08009406   0x0000001a   Code   RO        10143    i.UART_DMARxHalfCplt  stm32f4xx_hal_uart.o
    0x08009420   0x08009420   0x0000004e   Code   RO        10149    i.UART_EndRxTransfer  stm32f4xx_hal_uart.o
    0x0800946e   0x0800946e   0x0000001c   Code   RO        10151    i.UART_EndTxTransfer  stm32f4xx_hal_uart.o
    0x0800948a   0x0800948a   0x00000002   PAD
    0x0800948c   0x0800948c   0x000000fc   Code   RO        10153    i.UART_SetConfig    stm32f4xx_hal_uart.o
    0x08009588   0x08009588   0x00000098   Code   RO        10154    i.UART_Start_Receive_DMA  stm32f4xx_hal_uart.o
    0x08009620   0x08009620   0x0000008c   Code   RO        10157    i.UART_WaitOnFlagUntilTimeout  stm32f4xx_hal_uart.o
    0x080096ac   0x080096ac   0x000000c8   Code   RO         4857    i.USART1_IRQHandler  judge_task.o
    0x08009774   0x08009774   0x00000130   Code   RO         2248    i.USART3_IRQHandler  remote_control.o
    0x080098a4   0x080098a4   0x000000d4   Code   RO         2249    i.USART6_IRQHandler  remote_control.o
    0x08009978   0x08009978   0x00000078   Code   RO        12157    i.USBD_CDC_DataIn   usbd_cdc.o
    0x080099f0   0x080099f0   0x0000003e   Code   RO        12158    i.USBD_CDC_DataOut  usbd_cdc.o
    0x08009a2e   0x08009a2e   0x00000002   PAD
    0x08009a30   0x08009a30   0x00000094   Code   RO        12159    i.USBD_CDC_DeInit   usbd_cdc.o
    0x08009ac4   0x08009ac4   0x00000038   Code   RO        12160    i.USBD_CDC_EP0_RxReady  usbd_cdc.o
    0x08009afc   0x08009afc   0x0000000c   Code   RO        12161    i.USBD_CDC_GetDeviceQualifierDescriptor  usbd_cdc.o
    0x08009b08   0x08009b08   0x0000003c   Code   RO        12162    i.USBD_CDC_GetFSCfgDesc  usbd_cdc.o
    0x08009b44   0x08009b44   0x00000040   Code   RO        12163    i.USBD_CDC_GetHSCfgDesc  usbd_cdc.o
    0x08009b84   0x08009b84   0x0000003c   Code   RO        12164    i.USBD_CDC_GetOtherSpeedCfgDesc  usbd_cdc.o
    0x08009bc0   0x08009bc0   0x00000160   Code   RO        12165    i.USBD_CDC_Init     usbd_cdc.o
    0x08009d20   0x08009d20   0x00000048   Code   RO        12166    i.USBD_CDC_ReceivePacket  usbd_cdc.o
    0x08009d68   0x08009d68   0x00000018   Code   RO        12167    i.USBD_CDC_RegisterInterface  usbd_cdc.o
    0x08009d80   0x08009d80   0x0000001c   Code   RO        12168    i.USBD_CDC_SetRxBuffer  usbd_cdc.o
    0x08009d9c   0x08009d9c   0x00000020   Code   RO        12169    i.USBD_CDC_SetTxBuffer  usbd_cdc.o
    0x08009dbc   0x08009dbc   0x00000110   Code   RO        12170    i.USBD_CDC_Setup    usbd_cdc.o
    0x08009ecc   0x08009ecc   0x00000054   Code   RO        12171    i.USBD_CDC_TransmitPacket  usbd_cdc.o
    0x08009f20   0x08009f20   0x00000014   Code   RO        11837    i.USBD_ClrClassConfig  usbd_core.o
    0x08009f34   0x08009f34   0x00000026   Code   RO        11999    i.USBD_ClrFeature   usbd_ctlreq.o
    0x08009f5a   0x08009f5a   0x00000004   Code   RO        11838    i.USBD_CoreFindEP   usbd_core.o
    0x08009f5e   0x08009f5e   0x00000004   Code   RO        11839    i.USBD_CoreFindIF   usbd_core.o
    0x08009f62   0x08009f62   0x00000010   Code   RO        12097    i.USBD_CtlContinueRx  usbd_ioreq.o
    0x08009f72   0x08009f72   0x00000010   Code   RO        12098    i.USBD_CtlContinueSendData  usbd_ioreq.o
    0x08009f82   0x08009f82   0x00000018   Code   RO        12000    i.USBD_CtlError     usbd_ctlreq.o
    0x08009f9a   0x08009f9a   0x0000001e   Code   RO        12099    i.USBD_CtlPrepareRx  usbd_ioreq.o
    0x08009fb8   0x08009fb8   0x00000016   Code   RO        12100    i.USBD_CtlReceiveStatus  usbd_ioreq.o
    0x08009fce   0x08009fce   0x0000001a   Code   RO        12101    i.USBD_CtlSendData  usbd_ioreq.o
    0x08009fe8   0x08009fe8   0x00000016   Code   RO        12102    i.USBD_CtlSendStatus  usbd_ioreq.o
    0x08009ffe   0x08009ffe   0x00000002   PAD
    0x0800a000   0x0800a000   0x00000030   Code   RO         1100    i.USBD_FS_ConfigStrDescriptor  usbd_desc.o
    0x0800a030   0x0800a030   0x0000000c   Code   RO         1101    i.USBD_FS_DeviceDescriptor  usbd_desc.o
    0x0800a03c   0x0800a03c   0x00000034   Code   RO         1102    i.USBD_FS_InterfaceStrDescriptor  usbd_desc.o
    0x0800a070   0x0800a070   0x0000000c   Code   RO         1103    i.USBD_FS_LangIDStrDescriptor  usbd_desc.o
    0x0800a07c   0x0800a07c   0x00000028   Code   RO         1104    i.USBD_FS_ManufacturerStrDescriptor  usbd_desc.o
    0x0800a0a4   0x0800a0a4   0x0000003c   Code   RO         1105    i.USBD_FS_ProductStrDescriptor  usbd_desc.o
    0x0800a0e0   0x0800a0e0   0x00000014   Code   RO         1106    i.USBD_FS_SerialStrDescriptor  usbd_desc.o
    0x0800a0f4   0x0800a0f4   0x00000034   Code   RO        12001    i.USBD_GetConfig    usbd_ctlreq.o
    0x0800a128   0x0800a128   0x000001b4   Code   RO        12002    i.USBD_GetDescriptor  usbd_ctlreq.o
    0x0800a2dc   0x0800a2dc   0x0000003c   Code   RO        11841    i.USBD_GetEpDesc    usbd_core.o
    0x0800a318   0x0800a318   0x00000018   Code   RO        12003    i.USBD_GetLen       usbd_ctlreq.o
    0x0800a330   0x0800a330   0x0000000e   Code   RO        11842    i.USBD_GetNextDesc  usbd_core.o
    0x0800a33e   0x0800a33e   0x00000036   Code   RO        12004    i.USBD_GetStatus    usbd_ctlreq.o
    0x0800a374   0x0800a374   0x00000044   Code   RO        12005    i.USBD_GetString    usbd_ctlreq.o
    0x0800a3b8   0x0800a3b8   0x00000024   Code   RO         1263    i.USBD_Get_USB_Status  usbd_conf.o
    0x0800a3dc   0x0800a3dc   0x00000028   Code   RO        11843    i.USBD_Init         usbd_core.o
    0x0800a404   0x0800a404   0x00000012   Code   RO         1264    i.USBD_LL_ClearStallEP  usbd_conf.o
    0x0800a416   0x0800a416   0x00000012   Code   RO         1265    i.USBD_LL_CloseEP   usbd_conf.o
    0x0800a428   0x0800a428   0x000000dc   Code   RO        11844    i.USBD_LL_DataInStage  usbd_core.o
    0x0800a504   0x0800a504   0x000000d0   Code   RO        11845    i.USBD_LL_DataOutStage  usbd_core.o
    0x0800a5d4   0x0800a5d4   0x00000004   Code   RO        11846    i.USBD_LL_DevConnected  usbd_core.o
    0x0800a5d8   0x0800a5d8   0x00000020   Code   RO        11847    i.USBD_LL_DevDisconnected  usbd_core.o
    0x0800a5f8   0x0800a5f8   0x00000008   Code   RO         1269    i.USBD_LL_GetRxDataSize  usbd_conf.o
    0x0800a600   0x0800a600   0x00000060   Code   RO         1270    i.USBD_LL_Init      usbd_conf.o
    0x0800a660   0x0800a660   0x00000022   Code   RO         1271    i.USBD_LL_IsStallEP  usbd_conf.o
    0x0800a682   0x0800a682   0x0000002a   Code   RO        11848    i.USBD_LL_IsoINIncomplete  usbd_core.o
    0x0800a6ac   0x0800a6ac   0x0000002a   Code   RO        11849    i.USBD_LL_IsoOUTIncomplete  usbd_core.o
    0x0800a6d6   0x0800a6d6   0x00000018   Code   RO         1272    i.USBD_LL_OpenEP    usbd_conf.o
    0x0800a6ee   0x0800a6ee   0x00000012   Code   RO         1273    i.USBD_LL_PrepareReceive  usbd_conf.o
    0x0800a700   0x0800a700   0x00000060   Code   RO        11850    i.USBD_LL_Reset     usbd_core.o
    0x0800a760   0x0800a760   0x00000014   Code   RO        11851    i.USBD_LL_Resume    usbd_core.o
    0x0800a774   0x0800a774   0x0000001a   Code   RO        11852    i.USBD_LL_SOF       usbd_core.o
    0x0800a78e   0x0800a78e   0x00000006   Code   RO        11853    i.USBD_LL_SetSpeed  usbd_core.o
    0x0800a794   0x0800a794   0x00000012   Code   RO         1274    i.USBD_LL_SetUSBAddress  usbd_conf.o
    0x0800a7a6   0x0800a7a6   0x00000064   Code   RO        11854    i.USBD_LL_SetupStage  usbd_core.o
    0x0800a80a   0x0800a80a   0x00000012   Code   RO         1275    i.USBD_LL_StallEP   usbd_conf.o
    0x0800a81c   0x0800a81c   0x00000012   Code   RO         1276    i.USBD_LL_Start     usbd_conf.o
    0x0800a82e   0x0800a82e   0x00000012   Code   RO        11855    i.USBD_LL_Suspend   usbd_core.o
    0x0800a840   0x0800a840   0x00000012   Code   RO         1278    i.USBD_LL_Transmit  usbd_conf.o
    0x0800a852   0x0800a852   0x00000032   Code   RO        12006    i.USBD_ParseSetupRequest  usbd_ctlreq.o
    0x0800a884   0x0800a884   0x0000003a   Code   RO        11856    i.USBD_RegisterClass  usbd_core.o
    0x0800a8be   0x0800a8be   0x00000004   Code   RO        11857    i.USBD_RunTestMode  usbd_core.o
    0x0800a8c2   0x0800a8c2   0x00000058   Code   RO        12007    i.USBD_SetAddress   usbd_ctlreq.o
    0x0800a91a   0x0800a91a   0x00000014   Code   RO        11858    i.USBD_SetClassConfig  usbd_core.o
    0x0800a92e   0x0800a92e   0x00000002   PAD
    0x0800a930   0x0800a930   0x000000dc   Code   RO        12008    i.USBD_SetConfig    usbd_ctlreq.o
    0x0800aa0c   0x0800aa0c   0x00000024   Code   RO        12009    i.USBD_SetFeature   usbd_ctlreq.o
    0x0800aa30   0x0800aa30   0x00000004   Code   RO        11859    i.USBD_Start        usbd_core.o
    0x0800aa34   0x0800aa34   0x00000076   Code   RO        12010    i.USBD_StdDevReq    usbd_ctlreq.o
    0x0800aaaa   0x0800aaaa   0x0000022e   Code   RO        12011    i.USBD_StdEPReq     usbd_ctlreq.o
    0x0800acd8   0x0800acd8   0x0000008e   Code   RO        12012    i.USBD_StdItfReq    usbd_ctlreq.o
    0x0800ad66   0x0800ad66   0x00000002   Code   RO         1279    i.USBD_static_free  usbd_conf.o
    0x0800ad68   0x0800ad68   0x00000008   Code   RO         1280    i.USBD_static_malloc  usbd_conf.o
    0x0800ad70   0x0800ad70   0x0000009c   Code   RO         5905    i.USB_ActivateEndpoint  stm32f4xx_ll_usb.o
    0x0800ae0c   0x0800ae0c   0x0000001c   Code   RO         5907    i.USB_ActivateSetup  stm32f4xx_ll_usb.o
    0x0800ae28   0x0800ae28   0x0000007e   Code   RO         5909    i.USB_CoreInit      stm32f4xx_ll_usb.o
    0x0800aea6   0x0800aea6   0x00000002   PAD
    0x0800aea8   0x0800aea8   0x00000050   Code   RO         5910    i.USB_CoreReset     stm32f4xx_ll_usb.o
    0x0800aef8   0x0800aef8   0x000000dc   Code   RO         5913    i.USB_DeactivateEndpoint  stm32f4xx_ll_usb.o
    0x0800afd4   0x0800afd4   0x0000001c   Code   RO         5914    i.USB_DevConnect    stm32f4xx_ll_usb.o
    0x0800aff0   0x0800aff0   0x0000001c   Code   RO         5915    i.USB_DevDisconnect  stm32f4xx_ll_usb.o
    0x0800b00c   0x0800b00c   0x00000178   Code   RO         5916    i.USB_DevInit       stm32f4xx_ll_usb.o
    0x0800b184   0x0800b184   0x0000000c   Code   RO         5917    i.USB_DisableGlobalInt  stm32f4xx_ll_usb.o
    0x0800b190   0x0800b190   0x0000012e   Code   RO         5920    i.USB_EP0StartXfer  stm32f4xx_ll_usb.o
    0x0800b2be   0x0800b2be   0x00000002   PAD
    0x0800b2c0   0x0800b2c0   0x00000060   Code   RO         5921    i.USB_EP0_OutStart  stm32f4xx_ll_usb.o
    0x0800b320   0x0800b320   0x00000058   Code   RO         5922    i.USB_EPClearStall  stm32f4xx_ll_usb.o
    0x0800b378   0x0800b378   0x0000005e   Code   RO         5923    i.USB_EPSetStall    stm32f4xx_ll_usb.o
    0x0800b3d6   0x0800b3d6   0x0000022c   Code   RO         5924    i.USB_EPStartXfer   stm32f4xx_ll_usb.o
    0x0800b602   0x0800b602   0x000000b4   Code   RO         5925    i.USB_EPStopXfer    stm32f4xx_ll_usb.o
    0x0800b6b6   0x0800b6b6   0x0000000c   Code   RO         5926    i.USB_EnableGlobalInt  stm32f4xx_ll_usb.o
    0x0800b6c2   0x0800b6c2   0x00000002   PAD
    0x0800b6c4   0x0800b6c4   0x0000004c   Code   RO         5927    i.USB_FlushRxFifo   stm32f4xx_ll_usb.o
    0x0800b710   0x0800b710   0x00000058   Code   RO         5928    i.USB_FlushTxFifo   stm32f4xx_ll_usb.o
    0x0800b768   0x0800b768   0x00000020   Code   RO         5930    i.USB_GetDevSpeed   stm32f4xx_ll_usb.o
    0x0800b788   0x0800b788   0x00000008   Code   RO         5932    i.USB_GetMode       stm32f4xx_ll_usb.o
    0x0800b790   0x0800b790   0x0000000e   Code   RO         5939    i.USB_ReadDevAllInEpInterrupt  stm32f4xx_ll_usb.o
    0x0800b79e   0x0800b79e   0x0000000e   Code   RO         5940    i.USB_ReadDevAllOutEpInterrupt  stm32f4xx_ll_usb.o
    0x0800b7ac   0x0800b7ac   0x00000024   Code   RO         5941    i.USB_ReadDevInEPInterrupt  stm32f4xx_ll_usb.o
    0x0800b7d0   0x0800b7d0   0x00000010   Code   RO         5942    i.USB_ReadDevOutEPInterrupt  stm32f4xx_ll_usb.o
    0x0800b7e0   0x0800b7e0   0x00000008   Code   RO         5943    i.USB_ReadInterrupts  stm32f4xx_ll_usb.o
    0x0800b7e8   0x0800b7e8   0x00000048   Code   RO         5944    i.USB_ReadPacket    stm32f4xx_ll_usb.o
    0x0800b830   0x0800b830   0x00000060   Code   RO         5946    i.USB_SetCurrentMode  stm32f4xx_ll_usb.o
    0x0800b890   0x0800b890   0x00000022   Code   RO         5947    i.USB_SetDevAddress  stm32f4xx_ll_usb.o
    0x0800b8b2   0x0800b8b2   0x0000000e   Code   RO         5948    i.USB_SetDevSpeed   stm32f4xx_ll_usb.o
    0x0800b8c0   0x0800b8c0   0x000000f4   Code   RO         5949    i.USB_SetTurnaroundTime  stm32f4xx_ll_usb.o
    0x0800b9b4   0x0800b9b4   0x00000034   Code   RO         5952    i.USB_WritePacket   stm32f4xx_ll_usb.o
    0x0800b9e8   0x0800b9e8   0x00000004   Code   RO          869    i.UsageFault_Handler  stm32f4xx_it.o
    0x0800b9ec   0x0800b9ec   0x00000130   Code   RO         1634    i.Vision_Read_Data  vision.o
    0x0800bb1c   0x0800bb1c   0x00000008   Code   RO         4550    i.Vision_process_point  communicate_task.o
    0x0800bb24   0x0800bb24   0x0000006c   Code   RO         5278    i._Z10RAMP_floatfff  user_lib.o
    0x0800bb90   0x0800bb90   0x00000010   Code   RO         3594    i._Z10buzzer_offv   bsp_buzzer.o
    0x0800bba0   0x0800bba0   0x00000014   Code   RO         3644    i._Z10flash_readjPjj  bsp_flash.o
    0x0800bbb4   0x0800bbb4   0x000000f4   Code   RO         3645    i._Z10ger_sectorj   bsp_flash.o
    0x0800bca8   0x0800bca8   0x00000034   Code   RO         1966    i._Z11BMI088_initv  bmi088driver.o
    0x0800bcdc   0x0800bcdc   0x0000017c   Code   RO         1967    i._Z11BMI088_readPfS_S_  bmi088driver.o
    0x0800be58   0x0800be58   0x0000002c   Code   RO         3595    i._Z11buzzer_timei  bsp_buzzer.o
    0x0800be84   0x0800be84   0x0000022c   Code   RO         4651    i._Z11circle_initv  ui_task.o
    0x0800c0b0   0x0800c0b0   0x0000016c   Code   RO         4404    i._Z11detect_initj  detect_task.o
    0x0800c21c   0x0800c21c   0x0000000c   Code   RO         3505    i._Z11imu_pwm_sett  bsp_imu_pwm.o
    0x0800c228   0x0800c228   0x0000001a   Code   RO         3596    i._Z12buzzer_upperv  bsp_buzzer.o
    0x0800c242   0x0800c242   0x00000002   PAD
    0x0800c244   0x0800c244   0x0000005c   Code   RO         3534    i._Z12get_tempratev  bsp_adc.o
    0x0800c2a0   0x0800c2a0   0x00000094   Code   RO         2212    i._Z12ist8310_initv  ist8310driver.o
    0x0800c334   0x0800c334   0x00000180   Code   RO         3469    i._Z13SPI1_DMA_initjjt  bsp_spi.o
    0x0800c4b4   0x0800c4b4   0x00000178   Code   RO         4652    i._Z13UI_DataUpdatev  ui_task.o
    0x0800c62c   0x0800c62c   0x0000031c   Code   RO         4653    i._Z13circle_updatev  ui_task.o
    0x0800c948   0x0800c948   0x00000014   Code   RO         2117    i._Z13ist8310_RST_Hv  ist8310driver_middleware.o
    0x0800c95c   0x0800c95c   0x00000014   Code   RO         2118    i._Z13ist8310_RST_Lv  ist8310driver_middleware.o
    0x0800c970   0x0800c970   0x0000004c   Code   RO         2468    i._Z14aim_lowshort_2jj  judge.o
    0x0800c9bc   0x0800c9bc   0x00000218   Code   RO         2469    i._Z14aim_lowshort_3jj  judge.o
    0x0800cbd4   0x0800cbd4   0x000000ec   Code   RO         4297    i._Z14cali_data_readv  calibrate_task.o
    0x0800ccc0   0x0800ccc0   0x00000064   Code   RO         4298    i._Z14cali_gyro_hookPjh  calibrate_task.o
    0x0800cd24   0x0800cd24   0x00000046   Code   RO         4299    i._Z14cali_head_hookPjh  calibrate_task.o
    0x0800cd6a   0x0800cd6a   0x00000066   Code   RO         5105    i._Z14differentiatorP15differ_type_deffff  ladrc_feedforward.o
    0x0800cdd0   0x0800cdd0   0x0000002a   Code   RO         5282    i._Z14fp32_constrainfff  user_lib.o
    0x0800cdfa   0x0800cdfa   0x00000002   PAD
    0x0800cdfc   0x0800cdfc   0x0000012c   Code   RO         3821    i._Z14imu_cali_slovePfS_S_P16BMI088_REAL_DATAP19ist8310_real_data_t  ins_task.o
    0x0800cf28   0x0800cf28   0x000000e0   Code   RO         2470    i._Z14vision_range_1jj  judge.o
    0x0800d008   0x0800d008   0x00000002   Code   RO         1881    i._Z15BMI088_com_initv  bmi088middleware.o
    0x0800d00a   0x0800d00a   0x0000001a   Code   RO         1882    i._Z15BMI088_delay_mst  bmi088middleware.o
    0x0800d024   0x0800d024   0x0000004a   Code   RO         1883    i._Z15BMI088_delay_ust  bmi088middleware.o
    0x0800d06e   0x0800d06e   0x00000002   PAD
    0x0800d070   0x0800d070   0x0000273c   Code   RO         3470    i._Z15SPI1_DMA_enablejjt  bsp_spi.o
    0x0800f7ac   0x0800f7ac   0x0000008c   Code   RO         4300    i._Z15cali_data_writev  calibrate_task.o
    0x0800f838   0x0800f838   0x00000168   Code   RO         3822    i._Z15imu_cmd_spi_dmav  ins_task.o
    0x0800f9a0   0x0800f9a0   0x00000002   Code   RO         1884    i._Z16BMI088_GPIO_initv  bmi088middleware.o
    0x0800f9a2   0x0800f9a2   0x00000002   PAD
    0x0800f9a4   0x0800f9a4   0x00000014   Code   RO         1885    i._Z16BMI088_GYRO_NS_Hv  bmi088middleware.o
    0x0800f9b8   0x0800f9b8   0x00000014   Code   RO         1886    i._Z16BMI088_GYRO_NS_Lv  bmi088middleware.o
    0x0800f9cc   0x0800f9cc   0x000000f4   Code   RO         1969    i._Z16bmi088_gyro_initv  bmi088driver.o
    0x0800fac0   0x0800fac0   0x00000014   Code   RO         4301    i._Z16cali_gimbal_hookPjh  calibrate_task.o
    0x0800fad4   0x0800fad4   0x000000b8   Code   RO         3823    i._Z16imu_temp_controlf  ins_task.o
    0x0800fb8c   0x0800fb8c   0x00000002   Code   RO         2119    i._Z16ist8310_com_initv  ist8310driver_middleware.o
    0x0800fb8e   0x0800fb8e   0x0000000c   Code   RO         2120    i._Z16ist8310_delay_mst  ist8310driver_middleware.o
    0x0800fb9a   0x0800fb9a   0x00000002   PAD
    0x0800fb9c   0x0800fb9c   0x00000014   Code   RO         1887    i._Z17BMI088_ACCEL_NS_Hv  bmi088middleware.o
    0x0800fbb0   0x0800fbb0   0x00000014   Code   RO         1888    i._Z17BMI088_ACCEL_NS_Lv  bmi088middleware.o
    0x0800fbc4   0x0800fbc4   0x00000134   Code   RO         1971    i._Z17bmi088_accel_initv  bmi088driver.o
    0x0800fcf8   0x0800fcf8   0x00000002   Code   RO         2122    i._Z17ist8310_GPIO_initv  ist8310driver_middleware.o
    0x0800fcfa   0x0800fcfa   0x00000002   PAD
    0x0800fcfc   0x0800fcfc   0x00000094   Code   RO         4654    i._Z18Client_bullet_sendv  ui_task.o
    0x0800fd90   0x0800fd90   0x00000024   Code   RO         5214    i._Z18Get_CRC8_Check_SumPhjh  crc_check.o
    0x0800fdb4   0x0800fdb4   0x0000003c   Code   RO         3535    i._Z18adcx_get_chx_valueP17ADC_HandleTypeDefj  bsp_adc.o
    0x0800fdf0   0x0800fdf0   0x00000034   Code   RO         5215    i._Z19Get_CRC16_Check_SumPhjt  crc_check.o
    0x0800fe24   0x0800fe24   0x00000374   Code   RO         4302    i._Z19RC_cmd_to_calibratev  calibrate_task.o
    0x08010198   0x08010198   0x0000002e   Code   RO         3646    i._Z19flash_erase_addressjt  bsp_flash.o
    0x080101c6   0x080101c6   0x00000060   Code   RO         5285    i._Z19loop_fp32_constrainfff  user_lib.o
    0x08010226   0x08010226   0x00000026   Code   RO         1972    i._Z20BMI088_read_muli_reghPhh  bmi088driver.o
    0x0801024c   0x0801024c   0x00000080   Code   RO         4655    i._Z20draw_pit_energy_initv  ui_task.o
    0x080102cc   0x080102cc   0x00000024   Code   RO         5216    i._Z21Append_CRC8_Check_SumPhj  crc_check.o
    0x080102f0   0x080102f0   0x00000068   Code   RO         1974    i._Z21BMI088_gyro_read_overPhPf  bmi088driver.o
    0x08010358   0x08010358   0x0000002e   Code   RO         5217    i._Z21Verify_CRC8_Check_SumPhj  crc_check.o
    0x08010386   0x08010386   0x000000d0   Code   RO         1975    i._Z21bmi088_gyro_self_testv  bmi088driver.o
    0x08010456   0x08010456   0x00000002   PAD
    0x08010458   0x08010458   0x00000030   Code   RO         5218    i._Z22Append_CRC16_Check_SumPhj  crc_check.o
    0x08010488   0x08010488   0x00000090   Code   RO         1976    i._Z22BMI088_accel_read_overPhPfS0_  bmi088driver.o
    0x08010518   0x08010518   0x00000018   Code   RO         1977    i._Z22BMI088_read_single_reghPh  bmi088driver.o
    0x08010530   0x08010530   0x00000020   Code   RO         1889    i._Z22BMI088_read_write_byteh  bmi088middleware.o
    0x08010550   0x08010550   0x00000040   Code   RO         5219    i._Z22Verify_CRC16_Check_SumPhj  crc_check.o
    0x08010590   0x08010590   0x000002fc   Code   RO         1978    i._Z22bmi088_accel_self_testv  bmi088driver.o
    0x0801088c   0x0801088c   0x000000e8   Code   RO         3647    i._Z22get_next_flash_addressj  bsp_flash.o
    0x08010974   0x08010974   0x00000014   Code   RO         1980    i._Z23BMI088_write_single_reghh  bmi088driver.o
    0x08010988   0x08010988   0x000000c8   Code   RO         4656    i._Z23Client_graphic_fir_Initv  ui_task.o
    0x08010a50   0x08010a50   0x000000b8   Code   RO         4657    i._Z23draw_follow_armour_initffff  ui_task.o
    0x08010b08   0x08010b08   0x000000c8   Code   RO         4658    i._Z24Client_graphic_auto_Initv  ui_task.o
    0x08010bd0   0x08010bd0   0x000000c8   Code   RO         4659    i._Z24Client_graphic_mode_Initv  ui_task.o
    0x08010c98   0x08010c98   0x000000c8   Code   RO         4660    i._Z24Client_graphic_spin_Initv  ui_task.o
    0x08010d60   0x08010d60   0x00000114   Code   RO         4661    i._Z24draw_pitch_energy_updatev  ui_task.o
    0x08010e74   0x08010e74   0x000000c4   Code   RO         4662    i._Z25Client_graphic_cover_Initv  ui_task.o
    0x08010f38   0x08010f38   0x000000c8   Code   RO         4663    i._Z25Client_graphic_super_Initv  ui_task.o
    0x08011000   0x08011000   0x000000b8   Code   RO         4664    i._Z25draw_follow_armour_updateffff  ui_task.o
    0x080110b8   0x080110b8   0x0000008c   Code   RO         4665    i._Z26Client_graphic_circle_initv  ui_task.o
    0x08011144   0x08011144   0x000000c8   Code   RO         4666    i._Z26Client_graphic_vision_Initv  ui_task.o
    0x0801120c   0x0801120c   0x00000098   Code   RO         3649    i._Z26flash_write_single_addressjPjj  bsp_flash.o
    0x080112a4   0x080112a4   0x00000028   Code   RO         2125    i._Z27ist8310_IIC_read_single_regh  ist8310driver_middleware.o
    0x080112cc   0x080112cc   0x00000034   Code   RO         1983    i._Z28BMI088_temperature_read_overPhPf  bmi088driver.o
    0x08011300   0x08011300   0x0000008c   Code   RO         4667    i._Z28Client_graphic_circle_updatev  ui_task.o
    0x0801138c   0x0801138c   0x00000028   Code   RO         2126    i._Z28ist8310_IIC_write_single_reghh  ist8310driver_middleware.o
    0x080113b4   0x080113b4   0x0000008c   Code   RO         4668    i._Z30Client_graphic_pit_energy_initv  ui_task.o
    0x08011440   0x08011440   0x000000c8   Code   RO         4669    i._Z31Client_graphic_vision_mode_Initv  ui_task.o
    0x08011508   0x08011508   0x0000008c   Code   RO         4670    i._Z32Client_graphic_pit_energy_updatev  ui_task.o
    0x08011594   0x08011594   0x000000b4   Code   RO         4671    i._Z33Client_graphic_follow_armour_initv  ui_task.o
    0x08011648   0x08011648   0x000001d4   Code   RO         4672    i._Z33Client_graphic_vision_mode_Updatev  ui_task.o
    0x0801181c   0x0801181c   0x000000b4   Code   RO         4673    i._Z35Client_graphic_follow_armour_updatev  ui_task.o
    0x080118d0   0x080118d0   0x00000088   Code   RO         2483    i._Z5aim_1jj        judge.o
    0x08011958   0x08011958   0x0000004c   Code   RO         4178    i._Z7C_RESETv       chassis_task.o
    0x080119a4   0x080119a4   0x00000060   Code   RO         4674    i._Z7UI_Initv       ui_task.o
    0x08011a04   0x08011a04   0x000000a2   Code   RO         5290    i._Z8Get_DiffhP8QueueObjf  user_lib.o
    0x08011aa6   0x08011aa6   0x00000002   PAD
    0x08011aa8   0x08011aa8   0x00000014   Code   RO         3597    i._Z9buzzer_ontt    bsp_buzzer.o
    0x08011abc   0x08011abc   0x0000004c   Code   RO         5106    i._ZN11LADRC_FDW_t4initEffffff  ladrc_feedforward.o
    0x08011b08   0x08011b08   0x000001ec   Code   RO         5107    i._ZN11LADRC_FDW_t8FDW_calcEfff  ladrc_feedforward.o
    0x08011cf4   0x08011cf4   0x00000040   Code   RO         5152    i._ZN11extKalman_t12KalmanCreateEff  kalman.o
    0x08011d34   0x08011d34   0x00000086   Code   RO         5153    i._ZN11extKalman_t12KalmanFilterEf  kalman.o
    0x08011dba   0x08011dba   0x00000022   Code   RO         4894    i._ZN13Dial_mode_set14Dial_mode_initEv  revolver_task.o
    0x08011ddc   0x08011ddc   0x00000460   Code   RO         4895    i._ZN13Dial_mode_set18Dial_behaviour_setEv  revolver_task.o
    0x0801223c   0x0801223c   0x000000a8   Code   RO         4896    i._ZN13Dial_mode_set21real_firc_info_updateEv  revolver_task.o
    0x080122e4   0x080122e4   0x00000074   Code   RO         4897    i._ZN13Revolver_Task11speed_adaptEfffPfff  revolver_task.o
    0x08012358   0x08012358   0x0000010c   Code   RO         4898    i._ZN13Revolver_Task13REVOLVER_InitEv  revolver_task.o
    0x08012464   0x08012464   0x0000003c   Code   RO         4899    i._ZN13Revolver_Task15judge_auto_fircEv  revolver_task.o
    0x080124a0   0x080124a0   0x000000a0   Code   RO         4900    i._ZN13Revolver_Task16Dial_calculatingEv  revolver_task.o
    0x08012540   0x08012540   0x00000110   Code   RO         4901    i._ZN13Revolver_Task24Revolver_Feedback_UpdateEv  revolver_task.o
    0x08012650   0x08012650   0x0000016c   Code   RO         4902    i._ZN13Revolver_Task26Friction_wheel_calculatingEv  revolver_task.o
    0x080127bc   0x080127bc   0x00000008   Code   RO         1635    i._ZN13vision_info_t19Vision_Get_DistanceEPf  vision.o
    0x080127c4   0x080127c4   0x00000110   Code   RO         1636    i._ZN13vision_info_t20Vision_Send_Fir_DataEh  vision.o
    0x080128d4   0x080128d4   0x00000040   Code   RO         1639    i._ZN13vision_info_t22Vision_Error_Angle_YawEPf  vision.o
    0x08012914   0x08012914   0x00000040   Code   RO         1640    i._ZN13vision_info_t24Vision_Error_Angle_PitchEPf  vision.o
    0x08012954   0x08012954   0x0000001a   Code   RO         1641    i._ZN13vision_info_t28Vision_Get_coordinate_systemEPfS0_S0_  vision.o
    0x0801296e   0x0801296e   0x0000001a   Code   RO         1642    i._ZN13vision_info_t29Vision_Get_predict_coordinateEPfS0_S0_  vision.o
    0x08012988   0x08012988   0x000000f0   Code   RO         3956    i._ZN14gimbal_motor_t20Absolute_angle_limitEf  gimbal_task.o
    0x08012a78   0x08012a78   0x0000003a   Code   RO         3958    i._ZN14gimbal_motor_t21Absolute_adrc_controlEv  gimbal_task.o
    0x08012ab2   0x08012ab2   0x0000003a   Code   RO         3959    i._ZN14gimbal_motor_t21Relative_adrc_controlEv  gimbal_task.o
    0x08012aec   0x08012aec   0x00000044   Code   RO         3960    i._ZN14gimbal_motor_t22Absolute_angle_nolimitEf  gimbal_task.o
    0x08012b30   0x08012b30   0x0000003c   Code   RO         3961    i._ZN14gimbal_motor_t26Absolute_auto_adrc_controlEv  gimbal_task.o
    0x08012b6c   0x08012b6c   0x000001f0   Code   RO         4551    i._ZN16Vision_process_t12Pridict_infoEv  communicate_task.o
    0x08012d5c   0x08012d5c   0x00000088   Code   RO         4552    i._ZN16Vision_process_t13Transmit_infoEv  communicate_task.o
    0x08012de4   0x08012de4   0x000002d8   Code   RO         4553    i._ZN16Vision_process_t14RC_mode_changeEv  communicate_task.o
    0x080130bc   0x080130bc   0x00000110   Code   RO         4554    i._ZN16Vision_process_t14Ui_follow_calcEv  communicate_task.o
    0x080131cc   0x080131cc   0x000000a4   Code   RO         4555    i._ZN16Vision_process_t7ControlEv  communicate_task.o
    0x08013270   0x08013270   0x00000152   Code   RO         4556    i._ZN16Vision_process_t8Get_infoEv  communicate_task.o
    0x080133c2   0x080133c2   0x00000002   PAD
    0x080133c4   0x080133c4   0x00000084   Code   RO         4557    i._ZN16Vision_process_tC1Ev  communicate_task.o
    0x08013448   0x08013448   0x0000001c   Code   RO         3962    i._ZN16gimbal_control_t12Auto_controlEv  gimbal_task.o
    0x08013464   0x08013464   0x00000030   Code   RO         3963    i._ZN16gimbal_control_t12Init_controlEv  gimbal_task.o
    0x08013494   0x08013494   0x00000058   Code   RO         3964    i._ZN16gimbal_control_t12Spin_controlEv  gimbal_task.o
    0x080134ec   0x080134ec   0x000000d0   Code   RO         3966    i._ZN16gimbal_control_t16Judge_init_stateEv  gimbal_task.o
    0x080135bc   0x080135bc   0x00000150   Code   RO         3967    i._ZN16gimbal_control_t18Keyboard_angle_setEv  gimbal_task.o
    0x0801370c   0x0801370c   0x0000003c   Code   RO         3968    i._ZN16gimbal_control_t18Zero_force_controlEv  gimbal_task.o
    0x08013748   0x08013748   0x0000003c   Code   RO         3969    i._ZN16gimbal_control_t20Dbus_missing_controlEv  gimbal_task.o
    0x08013784   0x08013784   0x000001bc   Code   RO         3970    i._ZN16gimbal_control_t21Gimbal_auto_angle_getEv  gimbal_task.o
    0x08013940   0x08013940   0x0000005e   Code   RO         3971    i._ZN16gimbal_control_t22Absolute_angle_controlEv  gimbal_task.o
    0x0801399e   0x0801399e   0x00000002   PAD
    0x080139a0   0x080139a0   0x00000038   Code   RO         3972    i._ZN16gimbal_control_t25motor_ecd_to_angle_changeEtt  gimbal_task.o
    0x080139d8   0x080139d8   0x00000084   Code   RO         3973    i._ZN16gimbal_control_t7ControlEv  gimbal_task.o
    0x08013a5c   0x08013a5c   0x000000b4   Code   RO         3974    i._ZN16gimbal_control_t8Get_infoEv  gimbal_task.o
    0x08013b10   0x08013b10   0x000001bc   Code   RO         3975    i._ZN16gimbal_control_tC1Ev  gimbal_task.o
    0x08013ccc   0x08013ccc   0x00000020   Code   RO         4903    i._ZN23Friction_wheel_Mode_set12Temp_Fix_15SEv  revolver_task.o
    0x08013cec   0x08013cec   0x00000020   Code   RO         4904    i._ZN23Friction_wheel_Mode_set12Temp_Fix_18SEv  revolver_task.o
    0x08013d0c   0x08013d0c   0x00000030   Code   RO         4905    i._ZN23Friction_wheel_Mode_set12Temp_Fix_30SEv  revolver_task.o
    0x08013d3c   0x08013d3c   0x0000005c   Code   RO         4906    i._ZN23Friction_wheel_Mode_set13Temp_fix_saveEv  revolver_task.o
    0x08013d98   0x08013d98   0x00000070   Code   RO         4907    i._ZN23Friction_wheel_Mode_set23Friction_wheel_mode_setEv  revolver_task.o
    0x08013e08   0x08013e08   0x000001d0   Code   RO         4908    i._ZN23Friction_wheel_Mode_set26Friction_wheel_mode_on_setEv  revolver_task.o
    0x08013fd8   0x08013fd8   0x00000028   Code   RO         4909    i._ZN23Friction_wheel_Mode_set27Friction_wheel_mode_off_setEv  revolver_task.o
    0x08014000   0x08014000   0x0000001c   Code   RO         4910    i._ZN23Friction_wheel_Mode_set29Friction_Wheel_behaviour_initEv  revolver_task.o
    0x0801401c   0x0801401c   0x000000a4   Code   RO         4911    i._ZN23Friction_wheel_Mode_set8User_fixEv  revolver_task.o
    0x080140c0   0x080140c0   0x00000210   Code   RO         5039    i._ZN5PID_t4calcEff  pid.o
    0x080142d0   0x080142d0   0x00000058   Code   RO         5040    i._ZN5PID_t4initEhPKfff  pid.o
    0x08014328   0x08014328   0x00000016   Code   RO         1457    i._ZN7motor_tC1Ev   motor.o
    0x0801433e   0x0801433e   0x00000002   PAD
    0x08014340   0x08014340   0x0000007c   Code   RO         4452    i._ZN8system_t11RC_Mode_SetEv  system_task.o
    0x080143bc   0x080143bc   0x000001c0   Code   RO         4453    i._ZN8system_t17Gimbal_value_calcEv  system_task.o
    0x0801457c   0x0801457c   0x00000204   Code   RO         4454    i._ZN8system_t18Chassis_value_calcEv  system_task.o
    0x08014780   0x08014780   0x00000128   Code   RO         4455    i._ZN8system_t7Key_setEv  system_task.o
    0x080148a8   0x080148a8   0x000000c4   Code   RO         4456    i._ZN8system_t7TransitEv  system_task.o
    0x0801496c   0x0801496c   0x000000b0   Code   RO         4457    i._ZN8system_t8Mode_setEv  system_task.o
    0x08014a1c   0x08014a1c   0x000000d4   Code   RO         4458    i._ZN8system_t9Rc_visionEv  system_task.o
    0x08014af0   0x08014af0   0x0000005c   Code   RO         4459    i._ZN8system_tC1Ev  system_task.o
    0x08014b4c   0x08014b4c   0x000001dc   Code   RO         4179    i._ZN9chassis_t19chassis_power_limitEv  chassis_task.o
    0x08014d28   0x08014d28   0x000001ac   Code   RO         4180    i._ZN9chassis_t20chassis_control_loopEv  chassis_task.o
    0x08014ed4   0x08014ed4   0x0000015c   Code   RO         4181    i._ZN9chassis_t24chassis_spin_control_setEv  chassis_task.o
    0x08015030   0x08015030   0x00000040   Code   RO         4182    i._ZN9chassis_t24chassis_zero_control_setEv  chassis_task.o
    0x08015070   0x08015070   0x00000158   Code   RO         4183    i._ZN9chassis_t33chassis_follow_gimbal_control_setEv  chassis_task.o
    0x080151c8   0x080151c8   0x000000c0   Code   RO         4184    i._ZN9chassis_t36chassis_no_follow_gimbal_control_setEv  chassis_task.o
    0x08015288   0x08015288   0x00000050   Code   RO         4185    i._ZN9chassis_t37chassis_vector_to_mecanum_wheel_speedEfffPf  chassis_task.o
    0x080152d8   0x080152d8   0x00000078   Code   RO         4186    i._ZN9chassis_t7ControlEv  chassis_task.o
    0x08015350   0x08015350   0x00000170   Code   RO         4187    i._ZN9chassis_t8Get_infoEv  chassis_task.o
    0x080154c0   0x080154c0   0x000000fc   Code   RO         4188    i._ZN9chassis_tC1Ev  chassis_task.o
    0x080155bc   0x080155bc   0x0000000a   Code   RO         4116    i._ZSt4fabsf        gimbal_task.o
    0x080155c6   0x080155c6   0x00000026   Code   RO        12703    i.__ARM_fpclassifyf  m_wm.l(fpclassifyf.o)
    0x080155ec   0x080155ec   0x00000014   Code   RO         4626    i.__ARM_isinff      communicate_task.o
    0x08015600   0x08015600   0x0000000e   Code   RO         4110    i.__ARM_isnanf      gimbal_task.o
    0x0801560e   0x0801560e   0x00000024   Code   RO        12532    i.__aeabi_vec_ctor_nocookie_nodtor  cpprt_w.l(aeabi_vec_ctor_nocookie_nodtor.o)
    0x08015632   0x08015632   0x00000002   PAD
    0x08015634   0x08015634   0x0000012c   Code   RO        12579    i.__hardfp_asinf    m_wm.l(asinf.o)
    0x08015760   0x08015760   0x00000250   Code   RO        12591    i.__hardfp_atan2f   m_wm.l(atan2f.o)
    0x080159b0   0x080159b0   0x0000003a   Code   RO        12615    i.__hardfp_sqrtf    m_wm.l(sqrtf_full.o)
    0x080159ea   0x080159ea   0x00000006   Code   RO        12706    i.__mathlib_flt_infnan  m_wm.l(funder.o)
    0x080159f0   0x080159f0   0x00000006   Code   RO        12707    i.__mathlib_flt_infnan2  m_wm.l(funder.o)
    0x080159f6   0x080159f6   0x00000002   PAD
    0x080159f8   0x080159f8   0x00000010   Code   RO        12708    i.__mathlib_flt_invalid  m_wm.l(funder.o)
    0x08015a08   0x08015a08   0x00000010   Code   RO        12711    i.__mathlib_flt_underflow  m_wm.l(funder.o)
    0x08015a18   0x08015a18   0x00000010   Code   RO         3976    i.__sti___15_gimbal_task_cpp_gimbal  gimbal_task.o
    0x08015a28   0x08015a28   0x00000010   Code   RO         4460    i.__sti___15_system_task_cpp_sys  system_task.o
    0x08015a38   0x08015a38   0x00000010   Code   RO         4189    i.__sti___16_chassis_task_cpp_fc7bcfe0  chassis_task.o
    0x08015a48   0x08015a48   0x00000010   Code   RO         4558    i.__sti___20_communicate_task_cpp_dc63f1aa  communicate_task.o
    0x08015a58   0x08015a58   0x00000018   Code   RO         1458    i.__sti___9_motor_cpp_motor  motor.o
    0x08015a70   0x08015a70   0x00000094   Code   RO         2485    i._high_aim_        judge.o
    0x08015b04   0x08015b04   0x00000094   Code   RO         2487    i._lowshort_aim_2   judge.o
    0x08015b98   0x08015b98   0x00000094   Code   RO         2488    i._lowshort_aim_3   judge.o
    0x08015c2c   0x08015c2c   0x00000068   Code   RO         3786    i.aRGB_led_show     bsp_led.o
    0x08015c94   0x08015c94   0x000001d0   Code   RO        12263    i.accel_comple_filter  AHRS.lib(ahrs.o)
    0x08015e64   0x08015e64   0x0000018c   Code   RO        12264    i.accel_update_kp_ki  AHRS.lib(ahrs.o)
    0x08015ff0   0x08015ff0   0x0000016c   Code   RO        12265    i.angle_to_quat     AHRS.lib(ahrs.o)
    0x0801615c   0x0801615c   0x00000030   Code   RO         2988    i.append_CRC16_check_sum  crc8_crc16.o
    0x0801618c   0x0801618c   0x00000024   Code   RO         2989    i.append_CRC8_check_sum  crc8_crc16.o
    0x080161b0   0x080161b0   0x000000b8   Code   RO         4303    i.cali_param_init   calibrate_task.o
    0x08016268   0x08016268   0x00000134   Code   RO         4304    i.calibrate_task    calibrate_task.o
    0x0801639c   0x0801639c   0x0000005c   Code   RO         3336    i.can_filter_init   bsp_can.o
    0x080163f8   0x080163f8   0x00000068   Code   RO         4190    i.chassis_task      chassis_task.o
    0x08016460   0x08016460   0x00000008   Code   RO         4191    i.chassispoint      chassis_task.o
    0x08016468   0x08016468   0x00000034   Code   RO         4559    i.communi_task      communicate_task.o
    0x0801649c   0x0801649c   0x00000124   Code   RO         4405    i.detect_hook       detect_task.o
    0x080165c0   0x080165c0   0x0000027c   Code   RO         4406    i.detect_task       detect_task.o
    0x0801683c   0x0801683c   0x00000034   Code   RO         2990    i.get_CRC16_check_sum  crc8_crc16.o
    0x08016870   0x08016870   0x00000024   Code   RO         2991    i.get_CRC8_check_sum  crc8_crc16.o
    0x08016894   0x08016894   0x00000008   Code   RO         3824    i.get_INS_angle_point  ins_task.o
    0x0801689c   0x0801689c   0x000000e8   Code   RO        12266    i.get_angle         AHRS.lib(ahrs.o)
    0x08016984   0x08016984   0x00000008   Code   RO         3337    i.get_cap_measure_point  bsp_can.o
    0x0801698c   0x0801698c   0x0000000c   Code   RO         4305    i.get_control_temperature  calibrate_task.o
    0x08016998   0x08016998   0x00000008   Code   RO         3827    i.get_gyro_data_point  ins_task.o
    0x080169a0   0x080169a0   0x0000018c   Code   RO         1459    i.get_motor_measure  motor.o
    0x08016b2c   0x08016b2c   0x00000014   Code   RO         3338    i.get_motor_measure_class  bsp_can.o
    0x08016b40   0x08016b40   0x00000008   Code   RO         2250    i.get_remote_control_point  remote_control.o
    0x08016b48   0x08016b48   0x00000008   Code   RO         3977    i.gimbal_point      gimbal_task.o
    0x08016b50   0x08016b50   0x00000054   Code   RO         3978    i.gimbal_task       gimbal_task.o
    0x08016ba4   0x08016ba4   0x00000054   Code   RO         3829    i.gyro_offset_calc  ins_task.o
    0x08016bf8   0x08016bf8   0x00000020   Code   RO         2489    i.is_red_or_blue    judge.o
    0x08016c18   0x08016c18   0x00000084   Code   RO           17    i.main              main.o
    0x08016c9c   0x08016c9c   0x0000000c   Code   RO        11323    i.makeFreeRtosPriority  cmsis_os.o
    0x08016ca8   0x08016ca8   0x00000074   Code   RO         4146    i.monitor_task      monitor_task.o
    0x08016d1c   0x08016d1c   0x00000010   Code   RO        11325    i.osDelay           cmsis_os.o
    0x08016d2c   0x08016d2c   0x0000000a   Code   RO        11328    i.osKernelStart     cmsis_os.o
    0x08016d36   0x08016d36   0x0000005c   Code   RO        11362    i.osThreadCreate    cmsis_os.o
    0x08016d92   0x08016d92   0x00000002   PAD
    0x08016d94   0x08016d94   0x00000024   Code   RO        10976    i.pcTaskGetName     tasks.o
    0x08016db8   0x08016db8   0x00000134   Code   RO         3269    i.pm01_response_handle  pm01.o
    0x08016eec   0x08016eec   0x00000078   Code   RO        10977    i.prvAddCurrentTaskToDelayedList  tasks.o
    0x08016f64   0x08016f64   0x00000088   Code   RO        10978    i.prvAddNewTaskToReadyList  tasks.o
    0x08016fec   0x08016fec   0x00000040   Code   RO        10979    i.prvCheckTasksWaitingTermination  tasks.o
    0x0801702c   0x0801702c   0x00000040   Code   RO        10980    i.prvDeleteTCB      tasks.o
    0x0801706c   0x0801706c   0x00000050   Code   RO        11690    i.prvHeapInit       heap_4.o
    0x080170bc   0x080170bc   0x00000028   Code   RO        10981    i.prvIdleTask       tasks.o
    0x080170e4   0x080170e4   0x0000007e   Code   RO        10982    i.prvInitialiseNewTask  tasks.o
    0x08017162   0x08017162   0x00000002   PAD
    0x08017164   0x08017164   0x00000060   Code   RO        10983    i.prvInitialiseTaskLists  tasks.o
    0x080171c4   0x080171c4   0x0000005c   Code   RO        11691    i.prvInsertBlockIntoFreeList  heap_4.o
    0x08017220   0x08017220   0x00000024   Code   RO        10984    i.prvResetNextTaskUnblockTime  tasks.o
    0x08017244   0x08017244   0x0000006e   Code   RO        10985    i.prvSearchForNameWithinSingleList  tasks.o
    0x080172b2   0x080172b2   0x00000002   PAD
    0x080172b4   0x080172b4   0x00000030   Code   RO        11759    i.prvTaskExitError  port.o
    0x080172e4   0x080172e4   0x000000e8   Code   RO        11692    i.pvPortMalloc      heap_4.o
    0x080173cc   0x080173cc   0x0000002c   Code   RO        11760    i.pxPortInitialiseStack  port.o
    0x080173f8   0x080173f8   0x00000084   Code   RO        12271    i.quat_normalization  AHRS.lib(ahrs.o)
    0x0801747c   0x0801747c   0x00000020   Code   RO         2251    i.remote_control_init  remote_control.o
    0x0801749c   0x0801749c   0x00000070   Code   RO         4912    i.revolver_task     revolver_task.o
    0x0801750c   0x0801750c   0x000000de   Code   RO         2252    i.sbus_to_rc        remote_control.o
    0x080175ea   0x080175ea   0x0000003e   Code   RO        12617    i.sqrtf             m_wm.l(sqrtf_full.o)
    0x08017628   0x08017628   0x00000008   Code   RO         4461    i.syspoint          system_task.o
    0x08017630   0x08017630   0x00000030   Code   RO         4462    i.system_task       system_task.o
    0x08017660   0x08017660   0x00000018   Code   RO         4408    i.toe_is_error      detect_task.o
    0x08017678   0x08017678   0x0000004c   Code   RO         2253    i.transfer_image_to_rc  remote_control.o
    0x080176c4   0x080176c4   0x00000110   Code   RO         4675    i.ui_task           ui_task.o
    0x080177d4   0x080177d4   0x00000068   Code   RO        10988    i.ulTaskNotifyTake  tasks.o
    0x0801783c   0x0801783c   0x0000007a   Code   RO        12272    i.update_w          AHRS.lib(ahrs.o)
    0x080178b6   0x080178b6   0x00000002   PAD
    0x080178b8   0x080178b8   0x000000f4   Code   RO         3757    i.usart1_init       bsp_usart.o
    0x080179ac   0x080179ac   0x00000026   Code   RO        10603    i.uxListRemove      list.o
    0x080179d2   0x080179d2   0x00000002   PAD
    0x080179d4   0x080179d4   0x00000018   Code   RO          403    i.vApplicationGetIdleTaskMemory  freertos.o
    0x080179ec   0x080179ec   0x00000016   Code   RO        10604    i.vListInitialise   list.o
    0x08017a02   0x08017a02   0x00000006   Code   RO        10605    i.vListInitialiseItem  list.o
    0x08017a08   0x08017a08   0x00000036   Code   RO        10606    i.vListInsert       list.o
    0x08017a3e   0x08017a3e   0x00000018   Code   RO        10607    i.vListInsertEnd    list.o
    0x08017a56   0x08017a56   0x00000002   PAD
    0x08017a58   0x08017a58   0x00000040   Code   RO        11762    i.vPortEnterCritical  port.o
    0x08017a98   0x08017a98   0x0000002c   Code   RO        11763    i.vPortExitCritical  port.o
    0x08017ac4   0x08017ac4   0x00000064   Code   RO        11693    i.vPortFree         heap_4.o
    0x08017b28   0x08017b28   0x00000024   Code   RO        11764    i.vPortSetupTimerInterrupt  port.o
    0x08017b4c   0x08017b4c   0x00000054   Code   RO        11765    i.vPortValidateInterruptPriority  port.o
    0x08017ba0   0x08017ba0   0x00000050   Code   RO        10994    i.vTaskDelay        tasks.o
    0x08017bf0   0x08017bf0   0x0000009c   Code   RO        10995    i.vTaskDelayUntil   tasks.o
    0x08017c8c   0x08017c8c   0x000000bc   Code   RO        11000    i.vTaskNotifyGiveFromISR  tasks.o
    0x08017d48   0x08017d48   0x00000088   Code   RO        11008    i.vTaskStartScheduler  tasks.o
    0x08017dd0   0x08017dd0   0x00000010   Code   RO        11010    i.vTaskSuspendAll   tasks.o
    0x08017de0   0x08017de0   0x00000060   Code   RO        11011    i.vTaskSwitchContext  tasks.o
    0x08017e40   0x08017e40   0x00000040   Code   RO         2992    i.verify_CRC16_check_sum  crc8_crc16.o
    0x08017e80   0x08017e80   0x0000002e   Code   RO         2993    i.verify_CRC8_check_sum  crc8_crc16.o
    0x08017eae   0x08017eae   0x00000002   PAD
    0x08017eb0   0x08017eb0   0x00000008   Code   RO         1643    i.vision_info_point  vision.o
    0x08017eb8   0x08017eb8   0x00000094   Code   RO         2490    i.vision_range      judge.o
    0x08017f4c   0x08017f4c   0x00000104   Code   RO        11766    i.xPortStartScheduler  port.o
    0x08018050   0x08018050   0x0000006c   Code   RO        11014    i.xTaskCreate       tasks.o
    0x080180bc   0x080180bc   0x00000060   Code   RO        11015    i.xTaskCreateStatic  tasks.o
    0x0801811c   0x0801811c   0x0000008c   Code   RO        11019    i.xTaskGetHandle    tasks.o
    0x080181a8   0x080181a8   0x0000001c   Code   RO        11020    i.xTaskGetSchedulerState  tasks.o
    0x080181c4   0x080181c4   0x0000000c   Code   RO        11021    i.xTaskGetTickCount  tasks.o
    0x080181d0   0x080181d0   0x00000010   Code   RO        11022    i.xTaskGetTickCountFromISR  tasks.o
    0x080181e0   0x080181e0   0x000000d4   Code   RO        11023    i.xTaskIncrementTick  tasks.o
    0x080182b4   0x080182b4   0x000000cc   Code   RO        11029    i.xTaskResumeAll    tasks.o
    0x08018380   0x08018380   0x000002c4   Code   RO        12535    x$fpl$d2f           g_wm.l(d2f_clz.o)
    0x08018644   0x08018644   0x0000024c   Code   RO        12537    x$fpl$dadd          g_wm.l(daddsub_clz.o)
    0x08018890   0x08018890   0x00000018   Code   RO        12682    x$fpl$dcmpinf       g_wm.l(dcmpi.o)
    0x080188a8   0x080188a8   0x0000037c   Code   RO        12544    x$fpl$ddiv          g_wm.l(ddiv_clz.o)
    0x08018c24   0x08018c24   0x0000002e   Code   RO        12548    x$fpl$dflt          g_wm.l(dflt_clz.o)
    0x08018c52   0x08018c52   0x0000001a   Code   RO        12549    x$fpl$dfltn         g_wm.l(dflt_clz.o)
    0x08018c6c   0x08018c6c   0x00000026   Code   RO        12547    x$fpl$dfltu         g_wm.l(dflt_clz.o)
    0x08018c92   0x08018c92   0x00000002   PAD
    0x08018c94   0x08018c94   0x00000078   Code   RO        12553    x$fpl$dleqf         g_wm.l(dleqf.o)
    0x08018d0c   0x08018d0c   0x000001c0   Code   RO        12555    x$fpl$dmul          g_wm.l(dmul_clz.o)
    0x08018ecc   0x08018ecc   0x00000102   Code   RO        12684    x$fpl$dnaninf       g_wm.l(dnaninf.o)
    0x08018fce   0x08018fce   0x00000070   Code   RO        12686    x$fpl$drenorm       g_wm.l(drenorm_clz.o)
    0x0801903e   0x0801903e   0x0000000c   Code   RO        12688    x$fpl$dretinf       g_wm.l(dretinf.o)
    0x0801904a   0x0801904a   0x00000062   Code   RO        12557    x$fpl$drleqf        g_wm.l(drleqf.o)
    0x080190ac   0x080190ac   0x0000029c   Code   RO        12539    x$fpl$dsub          g_wm.l(daddsub_clz.o)
    0x08019348   0x08019348   0x0000017a   Code   RO        12690    x$fpl$dunder        g_wm.l(dunder_clz.o)
    0x080194c2   0x080194c2   0x00000002   PAD
    0x080194c4   0x080194c4   0x000001ec   Code   RO        12692    x$fpl$exception     g_wm.l(except.o)
    0x080196b0   0x080196b0   0x0000007a   Code   RO        12559    x$fpl$f2d           g_wm.l(f2d.o)
    0x0801972a   0x0801972a   0x0000009e   Code   RO        12565    x$fpl$ffltll        g_wm.l(ffltll_clz.o)
    0x080197c8   0x080197c8   0x000000f2   Code   RO        12694    x$fpl$fnaninf       g_wm.l(fnaninf.o)
    0x080198ba   0x080198ba   0x0000000a   Code   RO        12751    x$fpl$fpinit        g_wm.l(fpinit.o)
    0x080198c4   0x080198c4   0x0000000a   Code   RO        12696    x$fpl$fretinf       g_wm.l(fretinf.o)
    0x080198ce   0x080198ce   0x0000013c   Code   RO        12698    x$fpl$funder        g_wm.l(funder_clz.o)
    0x08019a0a   0x08019a0a   0x00000002   PAD
    0x08019a0c   0x08019a0c   0x000000b4   Code   RO        12561    x$fpl$llsfromf      g_wm.l(ffixll.o)
    0x08019ac0   0x08019ac0   0x000000b2   Code   RO        12753    x$fpl$retnan        g_wm.l(retnan.o)
    0x08019b72   0x08019b72   0x0000007e   Code   RO        12700    x$fpl$trapveneer    g_wm.l(trapv.o)
    0x08019bf0   0x08019bf0   0x00000000   Code   RO        12702    x$fpl$usenofp       g_wm.l(usenofp.o)
    0x08019bf0   0x08019bf0   0x00000150   Data   RO          405    .constdata          freertos.o
    0x08019d40   0x08019d40   0x00000012   Data   RO         2002    .constdata          bmi088driver.o
    0x08019d52   0x08019d52   0x0000000c   Data   RO         2218    .constdata          ist8310driver.o
    0x08019d5e   0x08019d5e   0x00000300   Data   RO         3000    .constdata          crc8_crc16.o
    0x0801a05e   0x0801a05e   0x00000002   PAD
    0x0801a060   0x0801a060   0x00000018   Data   RO         3845    .constdata          ins_task.o
    0x0801a078   0x0801a078   0x00000030   Data   RO         4207    .constdata          chassis_task.o
    0x0801a0a8   0x0801a0a8   0x00000014   Data   RO         4318    .constdata          calibrate_task.o
    0x0801a0bc   0x0801a0bc   0x00000054   Data   RO         4415    .constdata          detect_task.o
    0x0801a110   0x0801a110   0x0000003c   Data   RO         4934    .constdata          revolver_task.o
    0x0801a14c   0x0801a14c   0x00000300   Data   RO         5226    .constdata          crc_check.o
    0x0801a44c   0x0801a44c   0x00000008   Data   RO         6734    .constdata          stm32f4xx_hal_dma.o
    0x0801a454   0x0801a454   0x00000010   Data   RO        10466    .constdata          system_stm32f4xx.o
    0x0801a464   0x0801a464   0x00000008   Data   RO        10467    .constdata          system_stm32f4xx.o
    0x0801a46c   0x0801a46c   0x0000000c   Data   RO        12273    .constdata          AHRS.lib(ahrs.o)
    0x0801a478   0x0801a478   0x00000804   Data   RO        12483    .constdata          arm_cortexM4lf_math.lib(arm_common_tables.o)
    0x0801ac7c   0x0801ac7c   0x00000078   Data   RO          406    .conststring        freertos.o
    0x0801acf4   0x0801acf4   0x00000020   Data   RO        12968    Region$$Table       anon$$obj.o
    0x0801ad14   0x0801ad14   0x00000004   Data   RO         1464    .init_array         motor.o
    0x0801ad18   0x0801ad14   0x00000004   Data   RO         4004    .init_array         gimbal_task.o
    0x0801ad1c   0x0801ad14   0x00000004   Data   RO         4209    .init_array         chassis_task.o
    0x0801ad20   0x0801ad14   0x00000004   Data   RO         4476    .init_array         system_task.o
    0x0801ad24   0x0801ad14   0x00000004   Data   RO         4572    .init_array         communicate_task.o
    0x0801ad28   0x0801ad14   0x00000000   Data   RO        12527    .init_array         c_w.l(init_aeabi.o)


    Execution Region RW_IRAM2 (Exec base: 0x10000000, Load base: 0x0801af24, Size: 0x00000000, Max: 0x00010000, ABSOLUTE)

    **** No section assigned to this execution region ****


    Execution Region RW_IRAM1 (Exec base: 0x20000000, Load base: 0x0801ad28, Size: 0x000096b0, Max: 0x00020000, ABSOLUTE, COMPRESSED[0x000001fc])

    Exec Addr    Load Addr    Size         Type   Attr      Idx    E Section Name        Object

    0x20000000   COMPRESSED   0x00000030   Data   RW          407    .data               freertos.o
    0x20000030   COMPRESSED   0x00000004   Data   RW          519    .data               can.o
    0x20000034   COMPRESSED   0x0000001c   Data   RW         1108    .data               usbd_desc.o
    0x20000050   COMPRESSED   0x00000032   Data   RW         1109    .data               usbd_desc.o
    0x20000082   COMPRESSED   0x00000002   PAD
    0x20000084   COMPRESSED   0x00000014   Data   RW         1196    .data               usbd_cdc_if.o
    0x20000098   COMPRESSED   0x00000004   Data   RW         1197    .data               usbd_cdc_if.o
    0x2000009c   COMPRESSED   0x0000002c   Data   RW         2003    .data               bmi088driver.o
    0x200000c8   COMPRESSED   0x00000002   Data   RW         2255    .data               remote_control.o
    0x200000ca   COMPRESSED   0x00000002   PAD
    0x200000cc   COMPRESSED   0x000001ac   Data   RW         2570    .data               judge.o
    0x20000278   COMPRESSED   0x00000002   Data   RW         3001    .data               crc8_crc16.o
    0x2000027a   COMPRESSED   0x00000002   PAD
    0x2000027c   COMPRESSED   0x00000016   Data   RW         3272    .data               pm01.o
    0x20000292   COMPRESSED   0x00000032   Data   RW         3350    .data               bsp_can.o
    0x200002c4   COMPRESSED   0x00000004   Data   RW         3545    .data               bsp_adc.o
    0x200002c8   COMPRESSED   0x00000010   Data   RW         3656    .data               bsp_flash.o
    0x200002d8   COMPRESSED   0x00000008   Data   RW         3788    .data               bsp_led.o
    0x200002e0   COMPRESSED   0x000000a0   Data   RW         3846    .data               ins_task.o
    0x20000380   COMPRESSED   0x0000001c   Data   RW         4003    .data               gimbal_task.o
    0x2000039c   COMPRESSED   0x0000001c   Data   RW         4208    .data               chassis_task.o
    0x200003b8   COMPRESSED   0x00000050   Data   RW         4319    .data               calibrate_task.o
    0x20000408   COMPRESSED   0x00000005   Data   RW         4416    .data               detect_task.o
    0x2000040d   COMPRESSED   0x00000003   PAD
    0x20000410   COMPRESSED   0x00000050   Data   RW         4475    .data               system_task.o
    0x20000460   COMPRESSED   0x00000018   Data   RW         4571    .data               communicate_task.o
    0x20000478   COMPRESSED   0x000000a0   Data   RW         4702    .data               ui_task.o
    0x20000518   COMPRESSED   0x00000041   Data   RW         4935    .data               revolver_task.o
    0x20000559   COMPRESSED   0x00000001   PAD
    0x2000055a   COMPRESSED   0x00000002   Data   RW         5227    .data               crc_check.o
    0x2000055c   COMPRESSED   0x0000000c   Data   RW         7156    .data               stm32f4xx_hal.o
    0x20000568   COMPRESSED   0x00000004   Data   RW        10468    .data               system_stm32f4xx.o
    0x2000056c   COMPRESSED   0x0000003c   Data   RW        11032    .data               tasks.o
    0x200005a8   COMPRESSED   0x00000020   Data   RW        11699    .data               heap_4.o
    0x200005c8   COMPRESSED   0x0000000c   Data   RW        11767    .data               port.o
    0x200005d4   COMPRESSED   0x00000001   Data   RW        12013    .data               usbd_ctlreq.o
    0x200005d5   COMPRESSED   0x00000003   PAD
    0x200005d8   COMPRESSED   0x00000053   Data   RW        12172    .data               usbd_cdc.o
    0x2000062b   COMPRESSED   0x00000001   PAD
    0x2000062c   COMPRESSED   0x00000038   Data   RW        12173    .data               usbd_cdc.o
    0x20000664   COMPRESSED   0x00000010   Data   RW        12274    .data               AHRS.lib(ahrs.o)
    0x20000674        -       0x00000254   Zero   RW          404    .bss                freertos.o
    0x200008c8        -       0x00000090   Zero   RW          470    .bss                adc.o
    0x20000958        -       0x00000050   Zero   RW          518    .bss                can.o
    0x200009a8        -       0x000000a8   Zero   RW          591    .bss                i2c.o
    0x20000a50        -       0x00000020   Zero   RW          638    .bss                rtc.o
    0x20000a70        -       0x00000170   Zero   RW          681    .bss                spi.o
    0x20000be0        -       0x00000168   Zero   RW          733    .bss                tim.o
    0x20000d48        -       0x0000024c   Zero   RW          802    .bss                usart.o
    0x20000f94        -       0x00000048   Zero   RW         1014    .bss                stm32f4xx_hal_timebase_tim.o
    0x20000fdc        -       0x000002dc   Zero   RW         1051    .bss                usb_device.o
    0x200012b8        -       0x00000200   Zero   RW         1107    .bss                usbd_desc.o
    0x200014b8        -       0x00001064   Zero   RW         1195    .bss                usbd_cdc_if.o
    0x2000251c        -       0x0000072c   Zero   RW         1281    .bss                usbd_conf.o
    0x20002c48        -       0x000000d8   Zero   RW         1463    .bss                motor.o
    0x20002d20        -       0x00000138   Zero   RW         1654    .bss                vision.o
    0x20002e58        -       0x00000074   Zero   RW         2254    .bss                remote_control.o
    0x20002ecc        -       0x0000075d   Zero   RW         2569    .bss                judge.o
    0x20003629   COMPRESSED   0x00000001   PAD
    0x2000362a        -       0x0000001e   Zero   RW         3271    .bss                pm01.o
    0x20003648        -       0x000000a0   Zero   RW         3349    .bss                bsp_can.o
    0x200036e8        -       0x00000010   Zero   RW         3544    .bss                bsp_adc.o
    0x200036f8        -       0x00000134   Zero   RW         3844    .bss                ins_task.o
    0x2000382c   COMPRESSED   0x00000004   PAD
    0x20003830        -       0x00000500   Zero   RW         4002    .bss                gimbal_task.o
    0x20003d30        -       0x00000620   Zero   RW         4206    .bss                chassis_task.o
    0x20004350        -       0x00000115   Zero   RW         4317    .bss                calibrate_task.o
    0x20004465        -       0x0000021c   Zero   RW         4414    .bss                detect_task.o
    0x20004681   COMPRESSED   0x00000003   PAD
    0x20004684        -       0x00000050   Zero   RW         4474    .bss                system_task.o
    0x200046d4        -       0x00000568   Zero   RW         4570    .bss                communicate_task.o
    0x20004c3c        -       0x000003dd   Zero   RW         4701    .bss                ui_task.o
    0x20005019   COMPRESSED   0x00000003   PAD
    0x2000501c        -       0x000000d4   Zero   RW         4860    .bss                judge_task.o
    0x200050f0        -       0x00000250   Zero   RW         4933    .bss                revolver_task.o
    0x20005340        -       0x00000020   Zero   RW         6388    .bss                stm32f4xx_hal_flash.o
    0x20005360        -       0x000000f0   Zero   RW        11031    .bss                tasks.o
    0x20005450        -       0x00003c00   Zero   RW        11698    .bss                heap_4.o
    0x20009050        -       0x00000060   Zero   RW        12756    .bss                c_w.l(libspace.o)
    0x200090b0        -       0x00000200   Zero   RW            2    HEAP                startup_stm32f407xx.o
    0x200092b0        -       0x00000400   Zero   RW            1    STACK               startup_stm32f407xx.o


==============================================================================

Image component sizes


      Code (inc. data)   RO Data    RW Data    ZI Data      Debug   Object Name

       396         42          0          0        144       2438   adc.o
       168          4          0          0          0       5444   ahrs_middleware.o
      2338         40         18         44          0      10699   bmi088driver.o
       216         28          0          0          0       5040   bmi088middleware.o
       152         20          0          4         16       1948   bsp_adc.o
       106         12          0          0          0       2154   bsp_buzzer.o
      1020        112          0         50        160       8391   bsp_can.o
       694        108          0         16          0       4157   bsp_flash.o
        12          4          0          0          0        510   bsp_imu_pwm.o
       104         22          0          8          0        600   bsp_led.o
       504         54          0          0          0       2752   bsp_rc.o
     10428        170          0          0          0       5686   bsp_spi.o
       244         24          0          0          0        546   bsp_usart.o
      1954        104         20         80        277       7693   calibrate_task.o
       488         44          0          4         80       2518   can.o
      2876        156         52         28       1568      10514   chassis_task.o
       130          0          0          0          0      23171   cmsis_os.o
      2362        140          4         24       1384       8008   communicate_task.o
       282         20        768          2          0       6394   crc8_crc16.o
       282         20        768          2          0       5064   crc_check.o
      1316         40         84          5        540       3396   detect_task.o
       168          6          0          0          0        874   dma.o
         0          0          0          0          0      16920   event_groups.o
       386         66        456         48        596       3859   freertos.o
      2794        238          4         28       1280      14291   gimbal_task.o
       520         22          0          0          0       1299   gpio.o
       504         32          0         32      15360       7675   heap_4.o
       432         50          0          0        168       2446   i2c.o
       300         12          0          0          0       4459   ina226.o
      4280        330         24        160        308      15208   ins_task.o
       148          6         12          0          0       1983   ist8310driver.o
       136         22          0          0          0       4039   ist8310driver_middleware.o
      3810        370          0        428       1885      32826   judge.o
       232         32          0          0        212       2208   judge_task.o
       198          6          0          0          0       1168   kalman.o
       772         24          0          0          0       3611   ladrc_feedforward.o
       144          0          0          0          0       3674   list.o
       346         22          0          0          0     799316   main.o
       116          8          0          0          0        603   monitor_task.o
       442         14          4          0        216     628244   motor.o
       616         10          0          0          0       2016   pid.o
       308         12          0         22         30       3313   pm01.o
       814         92          0         12          0      12185   port.o
       878         72          0          2        116     582503   remote_control.o
      3686        236         60         65        592      16077   revolver_task.o
       112         20          0          0         32       1599   rtc.o
       596         52          0          0        368       2668   spi.o
        64         26        392          0       1536        860   startup_stm32f407xx.o
       120         20          0         12          0       8826   stm32f4xx_hal.o
      1262         42          0          0          0       5430   stm32f4xx_hal_adc.o
      2004          6          0          0          0      15291   stm32f4xx_hal_can.o
       204         22          0          0          0      33529   stm32f4xx_hal_cortex.o
      1074         18          8          0          0       6087   stm32f4xx_hal_dma.o
       568         74          0          0         32       6242   stm32f4xx_hal_flash.o
       380         24          0          0          0       3438   stm32f4xx_hal_flash_ex.o
       594         24          0          0          0       3051   stm32f4xx_hal_gpio.o
      4300         82          0          0          0      19061   stm32f4xx_hal_i2c.o
        84          6          0          0          0        890   stm32f4xx_hal_msp.o
      2836         12          0          0          0      14740   stm32f4xx_hal_pcd.o
        84          0          0          0          0       2621   stm32f4xx_hal_pcd_ex.o
      1782        112          0          0          0       7301   stm32f4xx_hal_rcc.o
       380         34          0          0          0       1556   stm32f4xx_hal_rcc_ex.o
       324          0          0          0          0       3447   stm32f4xx_hal_rtc.o
      1010         14          0          0          0       4917   stm32f4xx_hal_spi.o
      2288         56          0          0          0      17973   stm32f4xx_hal_tim.o
       260          0          0          0          0       3525   stm32f4xx_hal_tim_ex.o
       140         18          0          0         72       1511   stm32f4xx_hal_timebase_tim.o
      1238         18          0          0          0      11810   stm32f4xx_hal_uart.o
       206         54          0          0          0       9607   stm32f4xx_it.o
      3186        100          0          0          0      25315   stm32f4xx_ll_usb.o
         0          0          0          0          0        384   stream_buffer.o
        16          4         24          4          0       1175   system_stm32f4xx.o
      2132        158          4         80         80      12357   system_task.o
      2420        208          0         60        240      29112   tasks.o
      1536        106          0          0        360       5918   tim.o
      6000        718          0        160        989      20266   ui_task.o
       940         90          0          0        588       3584   usart.o
        84         18          0          0        732       2671   usb_device.o
      1446         40          0        139          0      14969   usbd_cdc.o
       156         30          0         24       4196       4405   usbd_cdc_if.o
       660         28          0          0       1836      17320   usbd_conf.o
      1042          0          0          0          0      16749   usbd_core.o
      1908         28          0          1          0      18256   usbd_ctlreq.o
       362        110          0         78        512       7129   usbd_desc.o
       132          0          0          0          0       4632   usbd_ioreq.o
       408          6          0          0          0       4123   user_lib.o
       772         58          0          0        312      49936   vision.o

    ----------------------------------------------------------------------
     93304       5282       2736       1636      36828    2702201   Object Totals
         0          0         32          0          0          0   (incl. Generated)
        92          0          2         14         11          0   (incl. Padding)

    ----------------------------------------------------------------------

      Code (inc. data)   RO Data    RW Data    ZI Data      Debug   Library Member Name

      2718         84         12         16          0       9922   ahrs.o
         0          0       2052          0          0       4636   arm_common_tables.o
       120         12          0          0          0      16970   arm_cos_f32.o
       116         12          0          0          0        658   arm_sin_f32.o
        90          0          0          0          0          0   __dczerorl2.o
         8          0          0          0          0         68   __main.o
         0          0          0          0          0          0   __rtentry.o
        12          0          0          0          0          0   __rtentry2.o
         6          0          0          0          0          0   __rtentry4.o
        52          8          0          0          0          0   __scatter.o
        28          0          0          0          0          0   __scatter_zi.o
        48          4          0          0          0         84   _fptrap.o
        22          0          0          0          0        100   _rserrno.o
        10          0          0          0          0         68   defsig_exit.o
       172        110          0          0          0         76   defsig_fpe_inner.o
        14          0          0          0          0         80   defsig_fpe_outer.o
        50          0          0          0          0         88   defsig_general.o
        18          0          0          0          0         80   exit.o
         6          0          0          0          0        152   heapauxi.o
         0          0          0          0          0          0   indicate_semi.o
        36         10          0          0          0         80   init_aeabi.o
         2          0          0          0          0          0   libinit.o
        10          0          0          0          0          0   libinit2.o
         2          0          0          0          0          0   libshutdown.o
         2          0          0          0          0          0   libshutdown2.o
         8          4          0          0         96         68   libspace.o
       238          0          0          0          0        100   lludivv7m.o
         8          4          0          0          0         68   rt_errno_addr_intlibspace.o
        68          0          0          0          0         68   rt_memclr.o
        78          0          0          0          0         80   rt_memclr_w.o
       138          0          0          0          0         68   rt_memcpy_v6.o
       100          0          0          0          0         80   rt_memcpy_w.o
         2          0          0          0          0          0   rtexit.o
        10          0          0          0          0          0   rtexit2.o
        62          0          0          0          0         76   strlen.o
        12          4          0          0          0         68   sys_exit.o
        74          0          0          0          0         80   sys_stackheap_outer.o
        14          0          0          0          0         76   sys_wrch.o
         2          0          0          0          0         68   use_no_semi.o
        36          0          0          0          0         84   aeabi_vec_ctor_nocookie_nodtor.o
       708         16          0          0          0        140   d2f_clz.o
      1256         28          0          0          0        408   daddsub_clz.o
        24          0          0          0          0        116   dcmpi.o
       892        152          0          0          0        292   ddiv_clz.o
       110          0          0          0          0        348   dflt_clz.o
       120          8          0          0          0        140   dleqf.o
       448         16          0          0          0        164   dmul_clz.o
       258          4          0          0          0        156   dnaninf.o
       112          0          0          0          0        160   drenorm_clz.o
        12          0          0          0          0        116   dretinf.o
        98          0          0          0          0        128   drleqf.o
       378          0          0          0          0        168   dunder_clz.o
       492         36          0          0          0        148   except.o
       122          8          0          0          0        132   f2d.o
       180         16          0          0          0        132   ffixll.o
       158          0          0          0          0        132   ffltll_clz.o
       242          4          0          0          0        144   fnaninf.o
        10          0          0          0          0        116   fpinit.o
        10          0          0          0          0        116   fretinf.o
       316          0          0          0          0        132   funder_clz.o
       178          0          0          0          0        116   retnan.o
       126          0          0          0          0        148   trapv.o
         0          0          0          0          0          0   usenofp.o
       300         42          0          0          0        176   asinf.o
       592         90          0          0          0        184   atan2f.o
        38          0          0          0          0        116   fpclassifyf.o
        44         12          0          0          0        464   funder.o
       120          0          0          0          0        272   sqrtf_full.o

    ----------------------------------------------------------------------
     11760        684       2064         16         96      38910   Library Totals
        24          0          0          0          0          0   (incl. Padding)

    ----------------------------------------------------------------------

      Code (inc. data)   RO Data    RW Data    ZI Data      Debug   Library Name

      2718         84         12         16          0       9922   AHRS.lib
       236         24       2052          0          0      22264   arm_cortexM4lf_math.lib
      1402        144          0          0         96       1776   c_w.l
        36          0          0          0          0         84   cpprt_w.l
      6250        288          0          0          0       3652   g_wm.l
      1094        144          0          0          0       1212   m_wm.l

    ----------------------------------------------------------------------
     11760        684       2064         16         96      38910   Library Totals

    ----------------------------------------------------------------------

==============================================================================


      Code (inc. data)   RO Data    RW Data    ZI Data      Debug   

    105064       5966       4800       1652      36924    2673123   Grand Totals
    105064       5966       4800        508      36924    2673123   ELF Image Totals (compressed)
    105064       5966       4800        508          0          0   ROM Totals

==============================================================================

    Total RO  Size (Code + RO Data)               109864 ( 107.29kB)
    Total RW  Size (RW Data + ZI Data)             38576 (  37.67kB)
    Total ROM Size (Code + RO Data + RW Data)     110372 ( 107.79kB)

==============================================================================

